/code/WPI_Rototics/assignments/install/assign1/lib/python3.10/site-packages/assign1/__init__.py
/code/WPI_Rototics/assignments/install/assign1/lib/python3.10/site-packages/assign1/__pycache__/__init__.cpython-310.pyc
/code/WPI_Rototics/assignments/install/assign1/share/ament_index/resource_index/packages/assign1
/code/WPI_Rototics/assignments/install/assign1/share/assign1/package.xml
/code/WPI_Rototics/assignments/install/assign1/share/assign1/launch/display.launch.py
/code/WPI_Rototics/assignments/install/assign1/share/assign1/launch/12-gripper.launch.py
/code/WPI_Rototics/assignments/install/assign1/share/assign1/launch/gazebo.launch.py
/code/WPI_Rototics/assignments/install/assign1/share/assign1/launch/firstmodel.launch.py
/code/WPI_Rototics/assignments/install/assign1/share/assign1/config/joints.yaml
/code/WPI_Rototics/assignments/install/assign1/share/assign1/config/gripper.yaml
/code/WPI_Rototics/assignments/install/assign1/share/assign1/urdf/myfirst.urdf.xacro
/code/WPI_Rototics/assignments/install/assign1/share/assign1/urdf/myfirst.urdf
/code/WPI_Rototics/assignments/install/assign1/share/assign1/urdf/12-gripper.urdf.xacro
/code/WPI_Rototics/assignments/install/assign1/share/assign1/rviz/display.rviz
/code/WPI_Rototics/assignments/install/assign1/share/assign1/worlds/empty.world.bak
/code/WPI_Rototics/assignments/install/assign1/lib/python3.10/site-packages/assign1-0.0.0-py3.10.egg-info/SOURCES.txt
/code/WPI_Rototics/assignments/install/assign1/lib/python3.10/site-packages/assign1-0.0.0-py3.10.egg-info/entry_points.txt
/code/WPI_Rototics/assignments/install/assign1/lib/python3.10/site-packages/assign1-0.0.0-py3.10.egg-info/requires.txt
/code/WPI_Rototics/assignments/install/assign1/lib/python3.10/site-packages/assign1-0.0.0-py3.10.egg-info/PKG-INFO
/code/WPI_Rototics/assignments/install/assign1/lib/python3.10/site-packages/assign1-0.0.0-py3.10.egg-info/dependency_links.txt
/code/WPI_Rototics/assignments/install/assign1/lib/python3.10/site-packages/assign1-0.0.0-py3.10.egg-info/top_level.txt
/code/WPI_Rototics/assignments/install/assign1/lib/python3.10/site-packages/assign1-0.0.0-py3.10.egg-info/zip-safe
