[0.975s] Invoking command in '/code/WPI_Rototics/assign1/build/firstModel': PYTHONPATH=/code/WPI_Rototics/assign1/build/firstModel/prefix_override:/usr/lib/python3/dist-packages/colcon_core/task/python/colcon_distutils_commands:/code/WPI_Rototics/assign1/install/firstModel/lib/python3.10/site-packages:${PYTHONPATH} /usr/bin/python3 -W ignore:setup.py install is deprecated -W ignore:easy_install command is deprecated setup.py develop --editable --build-directory /code/WPI_Rototics/assign1/build/firstModel/build --no-deps symlink_data --force
[1.411s] running develop
[1.631s] running egg_info
[1.631s] writing firstModel.egg-info/PKG-INFO
[1.632s] writing dependency_links to firstModel.egg-info/dependency_links.txt
[1.632s] writing entry points to firstModel.egg-info/entry_points.txt
[1.632s] writing requirements to firstModel.egg-info/requires.txt
[1.633s] writing top-level names to firstModel.egg-info/top_level.txt
[1.636s] reading manifest file 'firstModel.egg-info/SOURCES.txt'
[1.637s] writing manifest file 'firstModel.egg-info/SOURCES.txt'
[1.640s] running build_ext
[1.640s] Creating /code/WPI_Rototics/assign1/install/firstModel/lib/python3.10/site-packages/firstModel.egg-link (link to .)
[1.642s] 
[1.642s] Installed /code/WPI_Rototics/assign1/build/firstModel
[1.642s] running symlink_data
[1.642s] symbolically linking /code/WPI_Rototics/assign1/build/firstModel/resource/firstModel -> /code/WPI_Rototics/assign1/install/firstModel/share/ament_index/resource_index/packages
[1.643s] symbolically linking /code/WPI_Rototics/assign1/build/firstModel/package.xml -> /code/WPI_Rototics/assign1/install/firstModel/share/firstModel
[1.644s] symbolically linking /code/WPI_Rototics/assign1/build/firstModel/launch/display.launch.py -> /code/WPI_Rototics/assign1/install/firstModel/share/firstModel/launch
[1.646s] symbolically linking /code/WPI_Rototics/assign1/build/firstModel/launch/gazebo.launch.py -> /code/WPI_Rototics/assign1/install/firstModel/share/firstModel/launch
[1.647s] symbolically linking /code/WPI_Rototics/assign1/build/firstModel/urdf/myfirst.xacro -> /code/WPI_Rototics/assign1/install/firstModel/share/firstModel/urdf
[1.648s] symbolically linking /code/WPI_Rototics/assign1/build/firstModel/urdf/myfirst.urdf -> /code/WPI_Rototics/assign1/install/firstModel/share/firstModel/urdf
[1.649s] error: [Errno 2] No such file or directory: '/code/WPI_Rototics/assign1/install/firstModel/share/firstModel/rviz/display.rviz'
[1.690s] Invoked command in '/code/WPI_Rototics/assign1/build/firstModel' returned '1': PYTHONPATH=/code/WPI_Rototics/assign1/build/firstModel/prefix_override:/usr/lib/python3/dist-packages/colcon_core/task/python/colcon_distutils_commands:/code/WPI_Rototics/assign1/install/firstModel/lib/python3.10/site-packages:${PYTHONPATH} /usr/bin/python3 -W ignore:setup.py install is deprecated -W ignore:easy_install command is deprecated setup.py develop --editable --build-directory /code/WPI_Rototics/assign1/build/firstModel/build --no-deps symlink_data --force
