[0.986s] Invoking command in '/code/WPI_Rototics/HW4/src/kinematics': PYTHONPATH=/code/WPI_Rototics/HW4/build/kinematics/prefix_override:/usr/lib/python3/dist-packages/colcon_core/task/python/colcon_distutils_commands:/code/WPI_Rototics/HW4/install/kinematics/lib/python3.10/site-packages:${PYTHONPATH} /usr/bin/python3 -W ignore:setup.py install is deprecated -W ignore:easy_install command is deprecated setup.py egg_info --egg-base ../../build/kinematics build --build-base /code/WPI_Rototics/HW4/build/kinematics/build install --record /code/WPI_Rototics/HW4/build/kinematics/install.log --single-version-externally-managed install_data
[1.324s] running egg_info
[1.324s] writing ../../build/kinematics/kinematics.egg-info/PKG-INFO
[1.325s] writing dependency_links to ../../build/kinematics/kinematics.egg-info/dependency_links.txt
[1.326s] writing entry points to ../../build/kinematics/kinematics.egg-info/entry_points.txt
[1.326s] writing requirements to ../../build/kinematics/kinematics.egg-info/requires.txt
[1.327s] writing top-level names to ../../build/kinematics/kinematics.egg-info/top_level.txt
[1.330s] reading manifest file '../../build/kinematics/kinematics.egg-info/SOURCES.txt'
[1.330s] adding license file 'LICENSE'
[1.331s] writing manifest file '../../build/kinematics/kinematics.egg-info/SOURCES.txt'
[1.332s] running build
[1.332s] running build_py
[1.332s] copying kinematics/subcriber_inv_solver.py -> /code/WPI_Rototics/HW4/build/kinematics/build/lib/kinematics
[1.333s] running install
[1.334s] running install_lib
[1.335s] copying /code/WPI_Rototics/HW4/build/kinematics/build/lib/kinematics/subcriber_inv_solver.py -> /code/WPI_Rototics/HW4/install/kinematics/lib/python3.10/site-packages/kinematics
[1.336s] copying /code/WPI_Rototics/HW4/build/kinematics/build/lib/kinematics/kinematic_model.py -> /code/WPI_Rototics/HW4/install/kinematics/lib/python3.10/site-packages/kinematics
[1.337s] byte-compiling /code/WPI_Rototics/HW4/install/kinematics/lib/python3.10/site-packages/kinematics/subcriber_inv_solver.py to subcriber_inv_solver.cpython-310.pyc
[1.338s] byte-compiling /code/WPI_Rototics/HW4/install/kinematics/lib/python3.10/site-packages/kinematics/kinematic_model.py to kinematic_model.cpython-310.pyc
[1.341s] running install_data
[1.341s] running install_egg_info
[1.344s] removing '/code/WPI_Rototics/HW4/install/kinematics/lib/python3.10/site-packages/kinematics-0.0.0-py3.10.egg-info' (and everything under it)
[1.345s] Copying ../../build/kinematics/kinematics.egg-info to /code/WPI_Rototics/HW4/install/kinematics/lib/python3.10/site-packages/kinematics-0.0.0-py3.10.egg-info
[1.347s] running install_scripts
[1.380s] Installing fw_solver script to /code/WPI_Rototics/HW4/install/kinematics/lib/kinematics
[1.380s] Installing inv_solver script to /code/WPI_Rototics/HW4/install/kinematics/lib/kinematics
[1.381s] writing list of installed files to '/code/WPI_Rototics/HW4/build/kinematics/install.log'
[1.413s] Invoked command in '/code/WPI_Rototics/HW4/src/kinematics' returned '0': PYTHONPATH=/code/WPI_Rototics/HW4/build/kinematics/prefix_override:/usr/lib/python3/dist-packages/colcon_core/task/python/colcon_distutils_commands:/code/WPI_Rototics/HW4/install/kinematics/lib/python3.10/site-packages:${PYTHONPATH} /usr/bin/python3 -W ignore:setup.py install is deprecated -W ignore:easy_install command is deprecated setup.py egg_info --egg-base ../../build/kinematics build --build-base /code/WPI_Rototics/HW4/build/kinematics/build install --record /code/WPI_Rototics/HW4/build/kinematics/install.log --single-version-externally-managed install_data
