running egg_info
writing ../../build/kinematics/kinematics.egg-info/PKG-INFO
writing dependency_links to ../../build/kinematics/kinematics.egg-info/dependency_links.txt
writing entry points to ../../build/kinematics/kinematics.egg-info/entry_points.txt
writing requirements to ../../build/kinematics/kinematics.egg-info/requires.txt
writing top-level names to ../../build/kinematics/kinematics.egg-info/top_level.txt
reading manifest file '../../build/kinematics/kinematics.egg-info/SOURCES.txt'
adding license file 'LICENSE'
writing manifest file '../../build/kinematics/kinematics.egg-info/SOURCES.txt'
running build
running build_py
copying kinematics/subcriber_inv_solver.py -> /code/WPI_Rototics/HW4/build/kinematics/build/lib/kinematics
running install
running install_lib
copying /code/WPI_Rototics/HW4/build/kinematics/build/lib/kinematics/subcriber_inv_solver.py -> /code/WPI_Rototics/HW4/install/kinematics/lib/python3.10/site-packages/kinematics
byte-compiling /code/WPI_Rototics/HW4/install/kinematics/lib/python3.10/site-packages/kinematics/subcriber_inv_solver.py to subcriber_inv_solver.cpython-310.pyc
running install_data
running install_egg_info
removing '/code/WPI_Rototics/HW4/install/kinematics/lib/python3.10/site-packages/kinematics-0.0.0-py3.10.egg-info' (and everything under it)
Copying ../../build/kinematics/kinematics.egg-info to /code/WPI_Rototics/HW4/install/kinematics/lib/python3.10/site-packages/kinematics-0.0.0-py3.10.egg-info
running install_scripts
Installing fw_solver script to /code/WPI_Rototics/HW4/install/kinematics/lib/kinematics
Installing inv_solver script to /code/WPI_Rototics/HW4/install/kinematics/lib/kinematics
writing list of installed files to '/code/WPI_Rototics/HW4/build/kinematics/install.log'
