/code/WPI_Rototics/HW4/install/kinematics/lib/python3.10/site-packages/kinematics/KinematicModel.py
/code/WPI_Rototics/HW4/install/kinematics/lib/python3.10/site-packages/kinematics/subcriber_inv_solver.py
/code/WPI_Rototics/HW4/install/kinematics/lib/python3.10/site-packages/kinematics/ConverterHelper.py
/code/WPI_Rototics/HW4/install/kinematics/lib/python3.10/site-packages/kinematics/subcriber_fw_solver.py
/code/WPI_Rototics/HW4/install/kinematics/lib/python3.10/site-packages/kinematics/__init__.py
/code/WPI_Rototics/HW4/install/kinematics/lib/python3.10/site-packages/kinematics/__pycache__/KinematicModel.cpython-310.pyc
/code/WPI_Rototics/HW4/install/kinematics/lib/python3.10/site-packages/kinematics/__pycache__/subcriber_inv_solver.cpython-310.pyc
/code/WPI_Rototics/HW4/install/kinematics/lib/python3.10/site-packages/kinematics/__pycache__/ConverterHelper.cpython-310.pyc
/code/WPI_Rototics/HW4/install/kinematics/lib/python3.10/site-packages/kinematics/__pycache__/subcriber_fw_solver.cpython-310.pyc
/code/WPI_Rototics/HW4/install/kinematics/lib/python3.10/site-packages/kinematics/__pycache__/__init__.cpython-310.pyc
/code/WPI_Rototics/HW4/install/kinematics/share/ament_index/resource_index/packages/kinematics
/code/WPI_Rototics/HW4/install/kinematics/share/kinematics/package.xml
/code/WPI_Rototics/HW4/install/kinematics/lib/python3.10/site-packages/kinematics-0.0.0-py3.10.egg-info/SOURCES.txt
/code/WPI_Rototics/HW4/install/kinematics/lib/python3.10/site-packages/kinematics-0.0.0-py3.10.egg-info/entry_points.txt
/code/WPI_Rototics/HW4/install/kinematics/lib/python3.10/site-packages/kinematics-0.0.0-py3.10.egg-info/requires.txt
/code/WPI_Rototics/HW4/install/kinematics/lib/python3.10/site-packages/kinematics-0.0.0-py3.10.egg-info/PKG-INFO
/code/WPI_Rototics/HW4/install/kinematics/lib/python3.10/site-packages/kinematics-0.0.0-py3.10.egg-info/dependency_links.txt
/code/WPI_Rototics/HW4/install/kinematics/lib/python3.10/site-packages/kinematics-0.0.0-py3.10.egg-info/top_level.txt
/code/WPI_Rototics/HW4/install/kinematics/lib/python3.10/site-packages/kinematics-0.0.0-py3.10.egg-info/zip-safe
/code/WPI_Rototics/HW4/install/kinematics/lib/kinematics/fw_solver
/code/WPI_Rototics/HW4/install/kinematics/lib/kinematics/inv_solver
