running egg_info
creating ../../build/kinematics/kinematics.egg-info
writing ../../build/kinematics/kinematics.egg-info/PKG-INFO
writing dependency_links to ../../build/kinematics/kinematics.egg-info/dependency_links.txt
writing entry points to ../../build/kinematics/kinematics.egg-info/entry_points.txt
writing requirements to ../../build/kinematics/kinematics.egg-info/requires.txt
writing top-level names to ../../build/kinematics/kinematics.egg-info/top_level.txt
writing manifest file '../../build/kinematics/kinematics.egg-info/SOURCES.txt'
reading manifest file '../../build/kinematics/kinematics.egg-info/SOURCES.txt'
adding license file 'LICENSE'
writing manifest file '../../build/kinematics/kinematics.egg-info/SOURCES.txt'
running build
running build_py
creating /code/WPI_Rototics/HW4/build/kinematics/build
creating /code/WPI_Rototics/HW4/build/kinematics/build/lib
creating /code/WPI_Rototics/HW4/build/kinematics/build/lib/kinematics
copying kinematics/subcriber_inv_solver.py -> /code/WPI_Rototics/HW4/build/kinematics/build/lib/kinematics
copying kinematics/subcriber_fw_solver.py -> /code/WPI_Rototics/HW4/build/kinematics/build/lib/kinematics
copying kinematics/convertation.py -> /code/WPI_Rototics/HW4/build/kinematics/build/lib/kinematics
copying kinematics/kinematic_model.py -> /code/WPI_Rototics/HW4/build/kinematics/build/lib/kinematics
copying kinematics/__init__.py -> /code/WPI_Rototics/HW4/build/kinematics/build/lib/kinematics
running install
running install_lib
creating /code/WPI_Rototics/HW4/install/kinematics/lib/python3.10/site-packages/kinematics
copying /code/WPI_Rototics/HW4/build/kinematics/build/lib/kinematics/subcriber_inv_solver.py -> /code/WPI_Rototics/HW4/install/kinematics/lib/python3.10/site-packages/kinematics
copying /code/WPI_Rototics/HW4/build/kinematics/build/lib/kinematics/subcriber_fw_solver.py -> /code/WPI_Rototics/HW4/install/kinematics/lib/python3.10/site-packages/kinematics
copying /code/WPI_Rototics/HW4/build/kinematics/build/lib/kinematics/convertation.py -> /code/WPI_Rototics/HW4/install/kinematics/lib/python3.10/site-packages/kinematics
copying /code/WPI_Rototics/HW4/build/kinematics/build/lib/kinematics/kinematic_model.py -> /code/WPI_Rototics/HW4/install/kinematics/lib/python3.10/site-packages/kinematics
copying /code/WPI_Rototics/HW4/build/kinematics/build/lib/kinematics/__init__.py -> /code/WPI_Rototics/HW4/install/kinematics/lib/python3.10/site-packages/kinematics
byte-compiling /code/WPI_Rototics/HW4/install/kinematics/lib/python3.10/site-packages/kinematics/subcriber_inv_solver.py to subcriber_inv_solver.cpython-310.pyc
byte-compiling /code/WPI_Rototics/HW4/install/kinematics/lib/python3.10/site-packages/kinematics/subcriber_fw_solver.py to subcriber_fw_solver.cpython-310.pyc
byte-compiling /code/WPI_Rototics/HW4/install/kinematics/lib/python3.10/site-packages/kinematics/convertation.py to convertation.cpython-310.pyc
byte-compiling /code/WPI_Rototics/HW4/install/kinematics/lib/python3.10/site-packages/kinematics/kinematic_model.py to kinematic_model.cpython-310.pyc
byte-compiling /code/WPI_Rototics/HW4/install/kinematics/lib/python3.10/site-packages/kinematics/__init__.py to __init__.cpython-310.pyc
running install_data
creating /code/WPI_Rototics/HW4/install/kinematics/share/ament_index
creating /code/WPI_Rototics/HW4/install/kinematics/share/ament_index/resource_index
creating /code/WPI_Rototics/HW4/install/kinematics/share/ament_index/resource_index/packages
copying resource/kinematics -> /code/WPI_Rototics/HW4/install/kinematics/share/ament_index/resource_index/packages
copying package.xml -> /code/WPI_Rototics/HW4/install/kinematics/share/kinematics
running install_egg_info
Copying ../../build/kinematics/kinematics.egg-info to /code/WPI_Rototics/HW4/install/kinematics/lib/python3.10/site-packages/kinematics-0.0.0-py3.10.egg-info
running install_scripts
Installing fw_solver script to /code/WPI_Rototics/HW4/install/kinematics/lib/kinematics
Installing inv_solver script to /code/WPI_Rototics/HW4/install/kinematics/lib/kinematics
writing list of installed files to '/code/WPI_Rototics/HW4/build/kinematics/install.log'
