[1.332s] Invoking command in '/code/WPI_Rototics/HW4/src/kinematics': PYTHONPATH=/code/WPI_Rototics/HW4/build/kinematics/prefix_override:/usr/lib/python3/dist-packages/colcon_core/task/python/colcon_distutils_commands:/code/WPI_Rototics/HW4/install/kinematics/lib/python3.10/site-packages:${PYTHONPATH} VIRTUAL_ENV_PROMPT=(.venv) /usr/bin/python3 -W ignore:setup.py install is deprecated -W ignore:easy_install command is deprecated setup.py egg_info --egg-base ../../build/kinematics build --build-base /code/WPI_Rototics/HW4/build/kinematics/build install --record /code/WPI_Rototics/HW4/build/kinematics/install.log --single-version-externally-managed install_data
[1.682s] running egg_info
[1.683s] creating ../../build/kinematics/kinematics.egg-info
[1.684s] writing ../../build/kinematics/kinematics.egg-info/PKG-INFO
[1.684s] writing dependency_links to ../../build/kinematics/kinematics.egg-info/dependency_links.txt
[1.685s] writing entry points to ../../build/kinematics/kinematics.egg-info/entry_points.txt
[1.685s] writing requirements to ../../build/kinematics/kinematics.egg-info/requires.txt
[1.686s] writing top-level names to ../../build/kinematics/kinematics.egg-info/top_level.txt
[1.686s] writing manifest file '../../build/kinematics/kinematics.egg-info/SOURCES.txt'
[1.688s] reading manifest file '../../build/kinematics/kinematics.egg-info/SOURCES.txt'
[1.689s] adding license file 'LICENSE'
[1.689s] writing manifest file '../../build/kinematics/kinematics.egg-info/SOURCES.txt'
[1.690s] running build
[1.690s] running build_py
[1.690s] creating /code/WPI_Rototics/HW4/build/kinematics/build
[1.691s] creating /code/WPI_Rototics/HW4/build/kinematics/build/lib
[1.692s] creating /code/WPI_Rototics/HW4/build/kinematics/build/lib/kinematics
[1.693s] copying kinematics/subcriber_inv_solver.py -> /code/WPI_Rototics/HW4/build/kinematics/build/lib/kinematics
[1.700s] copying kinematics/subcriber_fw_solver.py -> /code/WPI_Rototics/HW4/build/kinematics/build/lib/kinematics
[1.700s] copying kinematics/convertation.py -> /code/WPI_Rototics/HW4/build/kinematics/build/lib/kinematics
[1.701s] copying kinematics/kinematic_model.py -> /code/WPI_Rototics/HW4/build/kinematics/build/lib/kinematics
[1.701s] copying kinematics/__init__.py -> /code/WPI_Rototics/HW4/build/kinematics/build/lib/kinematics
[1.702s] running install
[1.702s] running install_lib
[1.703s] creating /code/WPI_Rototics/HW4/install/kinematics/lib/python3.10/site-packages/kinematics
[1.704s] copying /code/WPI_Rototics/HW4/build/kinematics/build/lib/kinematics/subcriber_inv_solver.py -> /code/WPI_Rototics/HW4/install/kinematics/lib/python3.10/site-packages/kinematics
[1.705s] copying /code/WPI_Rototics/HW4/build/kinematics/build/lib/kinematics/subcriber_fw_solver.py -> /code/WPI_Rototics/HW4/install/kinematics/lib/python3.10/site-packages/kinematics
[1.705s] copying /code/WPI_Rototics/HW4/build/kinematics/build/lib/kinematics/convertation.py -> /code/WPI_Rototics/HW4/install/kinematics/lib/python3.10/site-packages/kinematics
[1.705s] copying /code/WPI_Rototics/HW4/build/kinematics/build/lib/kinematics/kinematic_model.py -> /code/WPI_Rototics/HW4/install/kinematics/lib/python3.10/site-packages/kinematics
[1.706s] copying /code/WPI_Rototics/HW4/build/kinematics/build/lib/kinematics/__init__.py -> /code/WPI_Rototics/HW4/install/kinematics/lib/python3.10/site-packages/kinematics
[1.707s] byte-compiling /code/WPI_Rototics/HW4/install/kinematics/lib/python3.10/site-packages/kinematics/subcriber_inv_solver.py to subcriber_inv_solver.cpython-310.pyc
[1.708s] byte-compiling /code/WPI_Rototics/HW4/install/kinematics/lib/python3.10/site-packages/kinematics/subcriber_fw_solver.py to subcriber_fw_solver.cpython-310.pyc
[1.710s] byte-compiling /code/WPI_Rototics/HW4/install/kinematics/lib/python3.10/site-packages/kinematics/convertation.py to convertation.cpython-310.pyc
[1.712s] byte-compiling /code/WPI_Rototics/HW4/install/kinematics/lib/python3.10/site-packages/kinematics/kinematic_model.py to kinematic_model.cpython-310.pyc
[1.713s] byte-compiling /code/WPI_Rototics/HW4/install/kinematics/lib/python3.10/site-packages/kinematics/__init__.py to __init__.cpython-310.pyc
[1.714s] running install_data
[1.714s] creating /code/WPI_Rototics/HW4/install/kinematics/share/ament_index
[1.714s] creating /code/WPI_Rototics/HW4/install/kinematics/share/ament_index/resource_index
[1.715s] creating /code/WPI_Rototics/HW4/install/kinematics/share/ament_index/resource_index/packages
[1.716s] copying resource/kinematics -> /code/WPI_Rototics/HW4/install/kinematics/share/ament_index/resource_index/packages
[1.716s] copying package.xml -> /code/WPI_Rototics/HW4/install/kinematics/share/kinematics
[1.717s] running install_egg_info
[1.720s] Copying ../../build/kinematics/kinematics.egg-info to /code/WPI_Rototics/HW4/install/kinematics/lib/python3.10/site-packages/kinematics-0.0.0-py3.10.egg-info
[1.722s] running install_scripts
[1.755s] Installing fw_solver script to /code/WPI_Rototics/HW4/install/kinematics/lib/kinematics
[1.756s] Installing inv_solver script to /code/WPI_Rototics/HW4/install/kinematics/lib/kinematics
[1.756s] writing list of installed files to '/code/WPI_Rototics/HW4/build/kinematics/install.log'
[1.788s] Invoked command in '/code/WPI_Rototics/HW4/src/kinematics' returned '0': PYTHONPATH=/code/WPI_Rototics/HW4/build/kinematics/prefix_override:/usr/lib/python3/dist-packages/colcon_core/task/python/colcon_distutils_commands:/code/WPI_Rototics/HW4/install/kinematics/lib/python3.10/site-packages:${PYTHONPATH} VIRTUAL_ENV_PROMPT=(.venv) /usr/bin/python3 -W ignore:setup.py install is deprecated -W ignore:easy_install command is deprecated setup.py egg_info --egg-base ../../build/kinematics build --build-base /code/WPI_Rototics/HW4/build/kinematics/build install --record /code/WPI_Rototics/HW4/build/kinematics/install.log --single-version-externally-managed install_data
