running egg_info
writing ../../build/forward_kinematics/forward_kinematics.egg-info/PKG-INFO
writing dependency_links to ../../build/forward_kinematics/forward_kinematics.egg-info/dependency_links.txt
writing entry points to ../../build/forward_kinematics/forward_kinematics.egg-info/entry_points.txt
writing requirements to ../../build/forward_kinematics/forward_kinematics.egg-info/requires.txt
writing top-level names to ../../build/forward_kinematics/forward_kinematics.egg-info/top_level.txt
reading manifest file '../../build/forward_kinematics/forward_kinematics.egg-info/SOURCES.txt'
adding license file 'LICENSE'
writing manifest file '../../build/forward_kinematics/forward_kinematics.egg-info/SOURCES.txt'
running build
running build_py
copying forward_kinematics/subcriber_fw_solver.py -> /code/WPI_Rototics/HW3/build/forward_kinematics/build/lib/forward_kinematics
running install
running install_lib
copying /code/WPI_Rototics/HW3/build/forward_kinematics/build/lib/forward_kinematics/subcriber_fw_solver.py -> /code/WPI_Rototics/HW3/install/forward_kinematics/lib/python3.10/site-packages/forward_kinematics
byte-compiling /code/WPI_Rototics/HW3/install/forward_kinematics/lib/python3.10/site-packages/forward_kinematics/subcriber_fw_solver.py to subcriber_fw_solver.cpython-310.pyc
running install_data
running install_egg_info
removing '/code/WPI_Rototics/HW3/install/forward_kinematics/lib/python3.10/site-packages/forward_kinematics-0.0.0-py3.10.egg-info' (and everything under it)
Copying ../../build/forward_kinematics/forward_kinematics.egg-info to /code/WPI_Rototics/HW3/install/forward_kinematics/lib/python3.10/site-packages/forward_kinematics-0.0.0-py3.10.egg-info
running install_scripts
Installing fw_solver script to /code/WPI_Rototics/HW3/install/forward_kinematics/lib/forward_kinematics
writing list of installed files to '/code/WPI_Rototics/HW3/build/forward_kinematics/install.log'
