[0.950s] Invoking command in '/code/WPI_Rototics/assignments/src/assign1': PYTHONPATH=/code/WPI_Rototics/assignments/build/assign1/prefix_override:/usr/lib/python3/dist-packages/colcon_core/task/python/colcon_distutils_commands:/code/WPI_Rototics/assignments/install/assign1/lib/python3.10/site-packages:${PYTHONPATH} VIRTUAL_ENV_PROMPT=(.venv) /usr/bin/python3 -W ignore:setup.py install is deprecated -W ignore:easy_install command is deprecated setup.py egg_info --egg-base ../../build/assign1 build --build-base /code/WPI_Rototics/assignments/build/assign1/build install --record /code/WPI_Rototics/assignments/build/assign1/install.log --single-version-externally-managed install_data
[1.260s] running egg_info
[1.261s] writing ../../build/assign1/assign1.egg-info/PKG-INFO
[1.262s] writing dependency_links to ../../build/assign1/assign1.egg-info/dependency_links.txt
[1.262s] writing entry points to ../../build/assign1/assign1.egg-info/entry_points.txt
[1.262s] writing requirements to ../../build/assign1/assign1.egg-info/requires.txt
[1.263s] writing top-level names to ../../build/assign1/assign1.egg-info/top_level.txt
[1.265s] reading manifest file '../../build/assign1/assign1.egg-info/SOURCES.txt'
[1.266s] adding license file 'LICENSE'
[1.267s] writing manifest file '../../build/assign1/assign1.egg-info/SOURCES.txt'
[1.267s] running build
[1.267s] running build_py
[1.267s] running install
[1.268s] running install_lib
[1.270s] running install_data
[1.270s] running install_egg_info
[1.273s] removing '/code/WPI_Rototics/assignments/install/assign1/lib/python3.10/site-packages/assign1-0.0.0-py3.10.egg-info' (and everything under it)
[1.274s] Copying ../../build/assign1/assign1.egg-info to /code/WPI_Rototics/assignments/install/assign1/lib/python3.10/site-packages/assign1-0.0.0-py3.10.egg-info
[1.276s] running install_scripts
[1.308s] writing list of installed files to '/code/WPI_Rototics/assignments/build/assign1/install.log'
[1.340s] Invoked command in '/code/WPI_Rototics/assignments/src/assign1' returned '0': PYTHONPATH=/code/WPI_Rototics/assignments/build/assign1/prefix_override:/usr/lib/python3/dist-packages/colcon_core/task/python/colcon_distutils_commands:/code/WPI_Rototics/assignments/install/assign1/lib/python3.10/site-packages:${PYTHONPATH} VIRTUAL_ENV_PROMPT=(.venv) /usr/bin/python3 -W ignore:setup.py install is deprecated -W ignore:easy_install command is deprecated setup.py egg_info --egg-base ../../build/assign1 build --build-base /code/WPI_Rototics/assignments/build/assign1/build install --record /code/WPI_Rototics/assignments/build/assign1/install.log --single-version-externally-managed install_data
