running egg_info
creating ../../build/firstModel/firstModel.egg-info
writing ../../build/firstModel/firstModel.egg-info/PKG-INFO
writing dependency_links to ../../build/firstModel/firstModel.egg-info/dependency_links.txt
writing entry points to ../../build/firstModel/firstModel.egg-info/entry_points.txt
writing requirements to ../../build/firstModel/firstModel.egg-info/requires.txt
writing top-level names to ../../build/firstModel/firstModel.egg-info/top_level.txt
writing manifest file '../../build/firstModel/firstModel.egg-info/SOURCES.txt'
reading manifest file '../../build/firstModel/firstModel.egg-info/SOURCES.txt'
adding license file 'LICENSE'
writing manifest file '../../build/firstModel/firstModel.egg-info/SOURCES.txt'
running build
running build_py
creating /code/WPI_Rototics/assign1/build/firstModel/build
creating /code/WPI_Rototics/assign1/build/firstModel/build/lib
creating /code/WPI_Rototics/assign1/build/firstModel/build/lib/firstModel
copying firstModel/__init__.py -> /code/WPI_Rototics/assign1/build/firstModel/build/lib/firstModel
running install
running install_lib
creating /code/WPI_Rototics/assign1/install/firstModel/lib/python3.10/site-packages/firstModel
copying /code/WPI_Rototics/assign1/build/firstModel/build/lib/firstModel/__init__.py -> /code/WPI_Rototics/assign1/install/firstModel/lib/python3.10/site-packages/firstModel
byte-compiling /code/WPI_Rototics/assign1/install/firstModel/lib/python3.10/site-packages/firstModel/__init__.py to __init__.cpython-310.pyc
running install_data
creating /code/WPI_Rototics/assign1/install/firstModel/share/ament_index
creating /code/WPI_Rototics/assign1/install/firstModel/share/ament_index/resource_index
creating /code/WPI_Rototics/assign1/install/firstModel/share/ament_index/resource_index/packages
copying resource/firstModel -> /code/WPI_Rototics/assign1/install/firstModel/share/ament_index/resource_index/packages
copying package.xml -> /code/WPI_Rototics/assign1/install/firstModel/share/firstModel
creating /code/WPI_Rototics/assign1/install/firstModel/share/firstModel/launch
copying launch/display.launch.py -> /code/WPI_Rototics/assign1/install/firstModel/share/firstModel/launch
copying launch/gazebo.launch.py -> /code/WPI_Rototics/assign1/install/firstModel/share/firstModel/launch
creating /code/WPI_Rototics/assign1/install/firstModel/share/firstModel/urdf
copying urdf/myfirst.urdf.xacro -> /code/WPI_Rototics/assign1/install/firstModel/share/firstModel/urdf
copying urdf/myfirst.urdf -> /code/WPI_Rototics/assign1/install/firstModel/share/firstModel/urdf
copying urdf/simple_robot.xacro -> /code/WPI_Rototics/assign1/install/firstModel/share/firstModel/urdf
creating /code/WPI_Rototics/assign1/install/firstModel/share/firstModel/rviz
copying rviz/display.rviz -> /code/WPI_Rototics/assign1/install/firstModel/share/firstModel/rviz
creating /code/WPI_Rototics/assign1/install/firstModel/share/firstModel/worlds
copying worlds/empty.world.bak -> /code/WPI_Rototics/assign1/install/firstModel/share/firstModel/worlds
running install_egg_info
Copying ../../build/firstModel/firstModel.egg-info to /code/WPI_Rototics/assign1/install/firstModel/lib/python3.10/site-packages/firstModel-0.0.0-py3.10.egg-info
running install_scripts
writing list of installed files to '/code/WPI_Rototics/assign1/build/firstModel/install.log'
