running egg_info
writing ../../build/firstModel/firstModel.egg-info/PKG-INFO
writing dependency_links to ../../build/firstModel/firstModel.egg-info/dependency_links.txt
writing entry points to ../../build/firstModel/firstModel.egg-info/entry_points.txt
writing requirements to ../../build/firstModel/firstModel.egg-info/requires.txt
writing top-level names to ../../build/firstModel/firstModel.egg-info/top_level.txt
reading manifest file '../../build/firstModel/firstModel.egg-info/SOURCES.txt'
adding license file 'LICENSE'
writing manifest file '../../build/firstModel/firstModel.egg-info/SOURCES.txt'
running build
running build_py
running install
running install_lib
running install_data
copying launch/display.launch.py -> /code/WPI_Rototics/assign1/install/firstModel/share/firstModel/launch
running install_egg_info
removing '/code/WPI_Rototics/assign1/install/firstModel/lib/python3.10/site-packages/firstModel-0.0.0-py3.10.egg-info' (and everything under it)
Copying ../../build/firstModel/firstModel.egg-info to /code/WPI_Rototics/assign1/install/firstModel/lib/python3.10/site-packages/firstModel-0.0.0-py3.10.egg-info
running install_scripts
writing list of installed files to '/code/WPI_Rototics/assign1/build/firstModel/install.log'
