[1.005s] Invoking command in '/code/WPI_Rototics/assignments/src/assign1': PYTHONPATH=/code/WPI_Rototics/assignments/build/assign1/prefix_override:/usr/lib/python3/dist-packages/colcon_core/task/python/colcon_distutils_commands:/code/WPI_Rototics/assignments/install/assign1/lib/python3.10/site-packages:${PYTHONPATH} VIRTUAL_ENV_PROMPT=(.venv) /usr/bin/python3 -W ignore:setup.py install is deprecated -W ignore:easy_install command is deprecated setup.py egg_info --egg-base ../../build/assign1 build --build-base /code/WPI_Rototics/assignments/build/assign1/build install --record /code/WPI_Rototics/assignments/build/assign1/install.log --single-version-externally-managed install_data
[1.358s] running egg_info
[1.359s] writing ../../build/assign1/assign1.egg-info/PKG-INFO
[1.359s] writing dependency_links to ../../build/assign1/assign1.egg-info/dependency_links.txt
[1.360s] writing entry points to ../../build/assign1/assign1.egg-info/entry_points.txt
[1.360s] writing requirements to ../../build/assign1/assign1.egg-info/requires.txt
[1.361s] writing top-level names to ../../build/assign1/assign1.egg-info/top_level.txt
[1.363s] reading manifest file '../../build/assign1/assign1.egg-info/SOURCES.txt'
[1.364s] adding license file 'LICENSE'
[1.365s] writing manifest file '../../build/assign1/assign1.egg-info/SOURCES.txt'
[1.365s] running build
[1.365s] running build_py
[1.366s] running install
[1.366s] running install_lib
[1.368s] running install_data
[1.369s] copying launch/12-gripper.launch.py -> /code/WPI_Rototics/assignments/install/assign1/share/assign1/launch
[1.369s] copying config/gripper.yaml -> /code/WPI_Rototics/assignments/install/assign1/share/assign1/config
[1.370s] copying urdf/12-gripper.urdf.xacro -> /code/WPI_Rototics/assignments/install/assign1/share/assign1/urdf
[1.371s] running install_egg_info
[1.374s] removing '/code/WPI_Rototics/assignments/install/assign1/lib/python3.10/site-packages/assign1-0.0.0-py3.10.egg-info' (and everything under it)
[1.375s] Copying ../../build/assign1/assign1.egg-info to /code/WPI_Rototics/assignments/install/assign1/lib/python3.10/site-packages/assign1-0.0.0-py3.10.egg-info
[1.377s] running install_scripts
[1.409s] writing list of installed files to '/code/WPI_Rototics/assignments/build/assign1/install.log'
[1.444s] Invoked command in '/code/WPI_Rototics/assignments/src/assign1' returned '0': PYTHONPATH=/code/WPI_Rototics/assignments/build/assign1/prefix_override:/usr/lib/python3/dist-packages/colcon_core/task/python/colcon_distutils_commands:/code/WPI_Rototics/assignments/install/assign1/lib/python3.10/site-packages:${PYTHONPATH} VIRTUAL_ENV_PROMPT=(.venv) /usr/bin/python3 -W ignore:setup.py install is deprecated -W ignore:easy_install command is deprecated setup.py egg_info --egg-base ../../build/assign1 build --build-base /code/WPI_Rototics/assignments/build/assign1/build install --record /code/WPI_Rototics/assignments/build/assign1/install.log --single-version-externally-managed install_data
