[1.325s] Invoking command in '/code/WPI_Rototics/assign1/src/firstModel': PYTHONPATH=/code/WPI_Rototics/assign1/build/firstModel/prefix_override:/usr/lib/python3/dist-packages/colcon_core/task/python/colcon_distutils_commands:/code/WPI_Rototics/assign1/install/firstModel/lib/python3.10/site-packages:${PYTHONPATH} /usr/bin/python3 -W ignore:setup.py install is deprecated -W ignore:easy_install command is deprecated setup.py egg_info --egg-base ../../build/firstModel build --build-base /code/WPI_Rototics/assign1/build/firstModel/build install --record /code/WPI_Rototics/assign1/build/firstModel/install.log --single-version-externally-managed install_data
[1.689s] running egg_info
[1.689s] writing ../../build/firstModel/firstModel.egg-info/PKG-INFO
[1.690s] writing dependency_links to ../../build/firstModel/firstModel.egg-info/dependency_links.txt
[1.691s] writing entry points to ../../build/firstModel/firstModel.egg-info/entry_points.txt
[1.691s] writing requirements to ../../build/firstModel/firstModel.egg-info/requires.txt
[1.691s] writing top-level names to ../../build/firstModel/firstModel.egg-info/top_level.txt
[1.695s] reading manifest file '../../build/firstModel/firstModel.egg-info/SOURCES.txt'
[1.696s] adding license file 'LICENSE'
[1.697s] writing manifest file '../../build/firstModel/firstModel.egg-info/SOURCES.txt'
[1.697s] running build
[1.697s] running build_py
[1.698s] running install
[1.698s] running install_lib
[1.701s] running install_data
[1.701s] running install_egg_info
[1.704s] removing '/code/WPI_Rototics/assign1/install/firstModel/lib/python3.10/site-packages/firstModel-0.0.0-py3.10.egg-info' (and everything under it)
[1.705s] Copying ../../build/firstModel/firstModel.egg-info to /code/WPI_Rototics/assign1/install/firstModel/lib/python3.10/site-packages/firstModel-0.0.0-py3.10.egg-info
[1.709s] running install_scripts
[1.741s] writing list of installed files to '/code/WPI_Rototics/assign1/build/firstModel/install.log'
[1.774s] Invoked command in '/code/WPI_Rototics/assign1/src/firstModel' returned '0': PYTHONPATH=/code/WPI_Rototics/assign1/build/firstModel/prefix_override:/usr/lib/python3/dist-packages/colcon_core/task/python/colcon_distutils_commands:/code/WPI_Rototics/assign1/install/firstModel/lib/python3.10/site-packages:${PYTHONPATH} /usr/bin/python3 -W ignore:setup.py install is deprecated -W ignore:easy_install command is deprecated setup.py egg_info --egg-base ../../build/firstModel build --build-base /code/WPI_Rototics/assign1/build/firstModel/build install --record /code/WPI_Rototics/assign1/build/firstModel/install.log --single-version-externally-managed install_data
