[1.252s] Invoking command in '/code/WPI_Rototics/assignments/src/assign1': PYTHONPATH=/code/WPI_Rototics/assignments/build/assign1/prefix_override:/usr/lib/python3/dist-packages/colcon_core/task/python/colcon_distutils_commands:/code/WPI_Rototics/assignments/install/assign1/lib/python3.10/site-packages:${PYTHONPATH} VIRTUAL_ENV_PROMPT=(.venv) /usr/bin/python3 -W ignore:setup.py install is deprecated -W ignore:easy_install command is deprecated setup.py egg_info --egg-base ../../build/assign1 build --build-base /code/WPI_Rototics/assignments/build/assign1/build install --record /code/WPI_Rototics/assignments/build/assign1/install.log --single-version-externally-managed install_data
[1.661s] running egg_info
[1.663s] writing ../../build/assign1/assign1.egg-info/PKG-INFO
[1.663s] writing dependency_links to ../../build/assign1/assign1.egg-info/dependency_links.txt
[1.664s] writing entry points to ../../build/assign1/assign1.egg-info/entry_points.txt
[1.664s] writing requirements to ../../build/assign1/assign1.egg-info/requires.txt
[1.665s] writing top-level names to ../../build/assign1/assign1.egg-info/top_level.txt
[1.667s] reading manifest file '../../build/assign1/assign1.egg-info/SOURCES.txt'
[1.668s] adding license file 'LICENSE'
[1.669s] writing manifest file '../../build/assign1/assign1.egg-info/SOURCES.txt'
[1.669s] running build
[1.669s] running build_py
[1.669s] running install
[1.670s] running install_lib
[1.671s] running install_data
[1.672s] copying launch/firstmodel.launch.py -> /code/WPI_Rototics/assignments/install/assign1/share/assign1/launch
[1.672s] copying urdf/myfirst.urdf.xacro -> /code/WPI_Rototics/assignments/install/assign1/share/assign1/urdf
[1.676s] running install_egg_info
[1.677s] removing '/code/WPI_Rototics/assignments/install/assign1/lib/python3.10/site-packages/assign1-0.0.0-py3.10.egg-info' (and everything under it)
[1.677s] Copying ../../build/assign1/assign1.egg-info to /code/WPI_Rototics/assignments/install/assign1/lib/python3.10/site-packages/assign1-0.0.0-py3.10.egg-info
[1.681s] running install_scripts
[1.720s] writing list of installed files to '/code/WPI_Rototics/assignments/build/assign1/install.log'
[1.765s] Invoked command in '/code/WPI_Rototics/assignments/src/assign1' returned '0': PYTHONPATH=/code/WPI_Rototics/assignments/build/assign1/prefix_override:/usr/lib/python3/dist-packages/colcon_core/task/python/colcon_distutils_commands:/code/WPI_Rototics/assignments/install/assign1/lib/python3.10/site-packages:${PYTHONPATH} VIRTUAL_ENV_PROMPT=(.venv) /usr/bin/python3 -W ignore:setup.py install is deprecated -W ignore:easy_install command is deprecated setup.py egg_info --egg-base ../../build/assign1 build --build-base /code/WPI_Rototics/assignments/build/assign1/build install --record /code/WPI_Rototics/assignments/build/assign1/install.log --single-version-externally-managed install_data
