[0.998s] Invoking command in '/code/WPI_Rototics/assign1/src/firstModel': PYTHONPATH=/code/WPI_Rototics/assign1/build/firstModel/prefix_override:/usr/lib/python3/dist-packages/colcon_core/task/python/colcon_distutils_commands:/code/WPI_Rototics/assign1/install/firstModel/lib/python3.10/site-packages:${PYTHONPATH} /usr/bin/python3 -W ignore:setup.py install is deprecated -W ignore:easy_install command is deprecated setup.py egg_info --egg-base ../../build/firstModel build --build-base /code/WPI_Rototics/assign1/build/firstModel/build install --record /code/WPI_Rototics/assign1/build/firstModel/install.log --single-version-externally-managed install_data
[1.335s] running egg_info
[1.336s] writing ../../build/firstModel/firstModel.egg-info/PKG-INFO
[1.337s] writing dependency_links to ../../build/firstModel/firstModel.egg-info/dependency_links.txt
[1.337s] writing entry points to ../../build/firstModel/firstModel.egg-info/entry_points.txt
[1.338s] writing requirements to ../../build/firstModel/firstModel.egg-info/requires.txt
[1.338s] writing top-level names to ../../build/firstModel/firstModel.egg-info/top_level.txt
[1.340s] reading manifest file '../../build/firstModel/firstModel.egg-info/SOURCES.txt'
[1.341s] adding license file 'LICENSE'
[1.342s] writing manifest file '../../build/firstModel/firstModel.egg-info/SOURCES.txt'
[1.342s] running build
[1.342s] running build_py
[1.342s] running install
[1.343s] running install_lib
[1.345s] running install_data
[1.345s] creating /code/WPI_Rototics/assign1/install/firstModel/share/firstModel/launch
[1.346s] copying launch/display.launch.py -> /code/WPI_Rototics/assign1/install/firstModel/share/firstModel/launch
[1.347s] copying launch/gazebo.launch.py -> /code/WPI_Rototics/assign1/install/firstModel/share/firstModel/launch
[1.347s] creating /code/WPI_Rototics/assign1/install/firstModel/share/firstModel/urdf
[1.348s] copying urdf/myfirst.xacro -> /code/WPI_Rototics/assign1/install/firstModel/share/firstModel/urdf
[1.349s] copying urdf/myfirst.urdf -> /code/WPI_Rototics/assign1/install/firstModel/share/firstModel/urdf
[1.350s] creating /code/WPI_Rototics/assign1/install/firstModel/share/firstModel/rviz
[1.351s] running install_egg_info
[1.353s] removing '/code/WPI_Rototics/assign1/install/firstModel/lib/python3.10/site-packages/firstModel-0.0.0-py3.10.egg-info' (and everything under it)
[1.354s] Copying ../../build/firstModel/firstModel.egg-info to /code/WPI_Rototics/assign1/install/firstModel/lib/python3.10/site-packages/firstModel-0.0.0-py3.10.egg-info
[1.357s] running install_scripts
[1.388s] writing list of installed files to '/code/WPI_Rototics/assign1/build/firstModel/install.log'
[1.420s] Invoked command in '/code/WPI_Rototics/assign1/src/firstModel' returned '0': PYTHONPATH=/code/WPI_Rototics/assign1/build/firstModel/prefix_override:/usr/lib/python3/dist-packages/colcon_core/task/python/colcon_distutils_commands:/code/WPI_Rototics/assign1/install/firstModel/lib/python3.10/site-packages:${PYTHONPATH} /usr/bin/python3 -W ignore:setup.py install is deprecated -W ignore:easy_install command is deprecated setup.py egg_info --egg-base ../../build/firstModel build --build-base /code/WPI_Rototics/assign1/build/firstModel/build install --record /code/WPI_Rototics/assign1/build/firstModel/install.log --single-version-externally-managed install_data
