[0.430s] DEBUG:colcon:Command line arguments: ['/usr/bin/colcon', 'build']
[0.430s] DEBUG:colcon:Parsed command line arguments: Namespace(log_base=None, log_level=None, verb_name='build', build_base='build', install_base='install', merge_install=False, symlink_install=False, test_result_base=None, continue_on_error=False, executor='parallel', parallel_workers=32, event_handlers=None, ignore_user_meta=False, metas=['./colcon.meta'], base_paths=['.'], packages_ignore=None, packages_ignore_regex=None, paths=None, packages_up_to=None, packages_up_to_regex=None, packages_above=None, packages_above_and_dependencies=None, packages_above_depth=None, packages_select_by_dep=None, packages_skip_by_dep=None, packages_skip_up_to=None, packages_select_build_failed=False, packages_skip_build_finished=False, packages_select_test_failures=False, packages_skip_test_passed=False, packages_select=None, packages_skip=None, packages_select_regex=None, packages_skip_regex=None, packages_start=None, packages_end=None, cmake_args=None, cmake_target=None, cmake_target_skip_unavailable=False, cmake_clean_cache=False, cmake_clean_first=False, cmake_force_configure=False, ament_cmake_args=None, catkin_cmake_args=None, catkin_skip_building_tests=False, mixin_files=None, mixin=None, verb_parser=<colcon_mixin.mixin.mixin_argument.MixinArgumentDecorator object at 0x74e0375936d0>, verb_extension=<colcon_core.verb.build.BuildVerb object at 0x74e0375930a0>, main=<bound method BuildVerb.main of <colcon_core.verb.build.BuildVerb object at 0x74e0375930a0>>, mixin_verb=('build',))
[0.980s] Level 1:colcon.colcon_core.package_discovery:discover_packages(colcon_meta) check parameters
[0.983s] INFO:colcon.colcon_metadata.package_discovery.colcon_meta:Using configuration from '/root/.colcon/metadata/default/Gazebo.meta'
[0.984s] INFO:colcon.colcon_metadata.package_discovery.colcon_meta:Using configuration from '/root/.colcon/metadata/default/fastdds.meta'
[0.985s] INFO:colcon.colcon_metadata.package_discovery.colcon_meta:Using configuration from '/root/.colcon/metadata/default/fastrtps.meta'
[0.985s] Level 1:colcon.colcon_core.package_discovery:discover_packages(recursive) check parameters
[0.985s] Level 1:colcon.colcon_core.package_discovery:discover_packages(ignore) check parameters
[0.985s] Level 1:colcon.colcon_core.package_discovery:discover_packages(path) check parameters
[0.986s] Level 1:colcon.colcon_core.package_discovery:discover_packages(colcon_meta) discover
[0.986s] Level 1:colcon.colcon_core.package_discovery:discover_packages(recursive) discover
[0.986s] INFO:colcon.colcon_core.package_discovery:Crawling recursively for packages in '/code/WPI_Rototics/HW4'
[0.986s] Level 1:colcon.colcon_core.package_identification:_identify(.) by extensions ['ignore', 'ignore_ament_install']
[0.987s] Level 1:colcon.colcon_core.package_identification:_identify(.) by extension 'ignore'
[0.987s] Level 1:colcon.colcon_core.package_identification:_identify(.) by extension 'ignore_ament_install'
[0.987s] Level 1:colcon.colcon_core.package_identification:_identify(.) by extensions ['colcon_pkg']
[0.987s] Level 1:colcon.colcon_core.package_identification:_identify(.) by extension 'colcon_pkg'
[0.987s] Level 1:colcon.colcon_core.package_identification:_identify(.) by extensions ['colcon_meta']
[0.987s] Level 1:colcon.colcon_core.package_identification:_identify(.) by extension 'colcon_meta'
[0.987s] Level 1:colcon.colcon_core.package_identification:_identify(.) by extensions ['ros']
[0.987s] Level 1:colcon.colcon_core.package_identification:_identify(.) by extension 'ros'
[1.017s] Level 1:colcon.colcon_core.package_identification:_identify(.) by extensions ['cmake', 'python']
[1.017s] Level 1:colcon.colcon_core.package_identification:_identify(.) by extension 'cmake'
[1.017s] Level 1:colcon.colcon_core.package_identification:_identify(.) by extension 'python'
[1.017s] Level 1:colcon.colcon_core.package_identification:_identify(.) by extensions ['python_setup_py']
[1.017s] Level 1:colcon.colcon_core.package_identification:_identify(.) by extension 'python_setup_py'
[1.018s] Level 1:colcon.colcon_core.package_identification:_identify(build) by extensions ['ignore', 'ignore_ament_install']
[1.018s] Level 1:colcon.colcon_core.package_identification:_identify(build) by extension 'ignore'
[1.018s] Level 1:colcon.colcon_core.package_identification:_identify(build) ignored
[1.019s] Level 1:colcon.colcon_core.package_identification:_identify(install) by extensions ['ignore', 'ignore_ament_install']
[1.019s] Level 1:colcon.colcon_core.package_identification:_identify(install) by extension 'ignore'
[1.019s] Level 1:colcon.colcon_core.package_identification:_identify(install) ignored
[1.020s] Level 1:colcon.colcon_core.package_identification:_identify(log) by extensions ['ignore', 'ignore_ament_install']
[1.020s] Level 1:colcon.colcon_core.package_identification:_identify(log) by extension 'ignore'
[1.020s] Level 1:colcon.colcon_core.package_identification:_identify(log) ignored
[1.020s] Level 1:colcon.colcon_core.package_identification:_identify(src) by extensions ['ignore', 'ignore_ament_install']
[1.021s] Level 1:colcon.colcon_core.package_identification:_identify(src) by extension 'ignore'
[1.021s] Level 1:colcon.colcon_core.package_identification:_identify(src) by extension 'ignore_ament_install'
[1.021s] Level 1:colcon.colcon_core.package_identification:_identify(src) by extensions ['colcon_pkg']
[1.021s] Level 1:colcon.colcon_core.package_identification:_identify(src) by extension 'colcon_pkg'
[1.021s] Level 1:colcon.colcon_core.package_identification:_identify(src) by extensions ['colcon_meta']
[1.021s] Level 1:colcon.colcon_core.package_identification:_identify(src) by extension 'colcon_meta'
[1.021s] Level 1:colcon.colcon_core.package_identification:_identify(src) by extensions ['ros']
[1.021s] Level 1:colcon.colcon_core.package_identification:_identify(src) by extension 'ros'
[1.021s] Level 1:colcon.colcon_core.package_identification:_identify(src) by extensions ['cmake', 'python']
[1.021s] Level 1:colcon.colcon_core.package_identification:_identify(src) by extension 'cmake'
[1.021s] Level 1:colcon.colcon_core.package_identification:_identify(src) by extension 'python'
[1.021s] Level 1:colcon.colcon_core.package_identification:_identify(src) by extensions ['python_setup_py']
[1.022s] Level 1:colcon.colcon_core.package_identification:_identify(src) by extension 'python_setup_py'
[1.022s] Level 1:colcon.colcon_core.package_identification:_identify(src/kinematics) by extensions ['ignore', 'ignore_ament_install']
[1.022s] Level 1:colcon.colcon_core.package_identification:_identify(src/kinematics) by extension 'ignore'
[1.022s] Level 1:colcon.colcon_core.package_identification:_identify(src/kinematics) by extension 'ignore_ament_install'
[1.022s] Level 1:colcon.colcon_core.package_identification:_identify(src/kinematics) by extensions ['colcon_pkg']
[1.022s] Level 1:colcon.colcon_core.package_identification:_identify(src/kinematics) by extension 'colcon_pkg'
[1.023s] Level 1:colcon.colcon_core.package_identification:_identify(src/kinematics) by extensions ['colcon_meta']
[1.023s] Level 1:colcon.colcon_core.package_identification:_identify(src/kinematics) by extension 'colcon_meta'
[1.023s] Level 1:colcon.colcon_core.package_identification:_identify(src/kinematics) by extensions ['ros']
[1.023s] Level 1:colcon.colcon_core.package_identification:_identify(src/kinematics) by extension 'ros'
[1.030s] DEBUG:colcon.colcon_core.package_identification:Package 'src/kinematics' with type 'ros.ament_python' and name 'kinematics'
[1.030s] Level 1:colcon.colcon_core.package_discovery:discover_packages(recursive) using defaults
[1.030s] Level 1:colcon.colcon_core.package_discovery:discover_packages(ignore) discover
[1.030s] Level 1:colcon.colcon_core.package_discovery:discover_packages(ignore) using defaults
[1.030s] Level 1:colcon.colcon_core.package_discovery:discover_packages(path) discover
[1.030s] Level 1:colcon.colcon_core.package_discovery:discover_packages(path) using defaults
[1.088s] Level 5:colcon.colcon_core.verb:set package 'kinematics' build argument 'cmake_args' from command line to 'None'
[1.088s] Level 5:colcon.colcon_core.verb:set package 'kinematics' build argument 'cmake_target' from command line to 'None'
[1.088s] Level 5:colcon.colcon_core.verb:set package 'kinematics' build argument 'cmake_target_skip_unavailable' from command line to 'False'
[1.088s] Level 5:colcon.colcon_core.verb:set package 'kinematics' build argument 'cmake_clean_cache' from command line to 'False'
[1.088s] Level 5:colcon.colcon_core.verb:set package 'kinematics' build argument 'cmake_clean_first' from command line to 'False'
[1.088s] Level 5:colcon.colcon_core.verb:set package 'kinematics' build argument 'cmake_force_configure' from command line to 'False'
[1.088s] Level 5:colcon.colcon_core.verb:set package 'kinematics' build argument 'ament_cmake_args' from command line to 'None'
[1.088s] Level 5:colcon.colcon_core.verb:set package 'kinematics' build argument 'catkin_cmake_args' from command line to 'None'
[1.088s] Level 5:colcon.colcon_core.verb:set package 'kinematics' build argument 'catkin_skip_building_tests' from command line to 'False'
[1.089s] DEBUG:colcon.colcon_core.verb:Building package 'kinematics' with the following arguments: {'ament_cmake_args': None, 'build_base': '/code/WPI_Rototics/HW4/build/kinematics', 'catkin_cmake_args': None, 'catkin_skip_building_tests': False, 'cmake_args': None, 'cmake_clean_cache': False, 'cmake_clean_first': False, 'cmake_force_configure': False, 'cmake_target': None, 'cmake_target_skip_unavailable': False, 'install_base': '/code/WPI_Rototics/HW4/install/kinematics', 'merge_install': False, 'path': '/code/WPI_Rototics/HW4/src/kinematics', 'symlink_install': False, 'test_result_base': None}
[1.089s] INFO:colcon.colcon_core.executor:Executing jobs using 'parallel' executor
[1.091s] DEBUG:colcon.colcon_parallel_executor.executor.parallel:run_until_complete
[1.092s] INFO:colcon.colcon_ros.task.ament_python.build:Building ROS package in '/code/WPI_Rototics/HW4/src/kinematics' with build type 'ament_python'
[1.093s] Level 1:colcon.colcon_core.shell:create_environment_hook('kinematics', 'ament_prefix_path')
[1.104s] INFO:colcon.colcon_core.plugin_system:Skipping extension 'colcon_core.shell.bat': Not used on non-Windows systems
[1.104s] INFO:colcon.colcon_core.shell:Creating environment hook '/code/WPI_Rototics/HW4/install/kinematics/share/kinematics/hook/ament_prefix_path.ps1'
[1.107s] INFO:colcon.colcon_core.shell:Creating environment descriptor '/code/WPI_Rototics/HW4/install/kinematics/share/kinematics/hook/ament_prefix_path.dsv'
[1.108s] INFO:colcon.colcon_core.shell:Creating environment hook '/code/WPI_Rototics/HW4/install/kinematics/share/kinematics/hook/ament_prefix_path.sh'
[1.110s] INFO:colcon.colcon_core.shell:Skip shell extension 'powershell' for command environment: Not usable outside of PowerShell
[1.110s] DEBUG:colcon.colcon_core.shell:Skip shell extension 'dsv' for command environment
[1.534s] INFO:colcon.colcon_core.task.python.build:Building Python package in '/code/WPI_Rototics/HW4/src/kinematics'
[1.535s] INFO:colcon.colcon_core.shell:Skip shell extension 'powershell' for command environment: Not usable outside of PowerShell
[1.535s] DEBUG:colcon.colcon_core.shell:Skip shell extension 'dsv' for command environment
[2.376s] DEBUG:colcon.colcon_core.event_handler.log_command:Invoking command in '/code/WPI_Rototics/HW4/src/kinematics': PYTHONPATH=/code/WPI_Rototics/HW4/build/kinematics/prefix_override:/usr/lib/python3/dist-packages/colcon_core/task/python/colcon_distutils_commands:/code/WPI_Rototics/HW4/install/kinematics/lib/python3.10/site-packages:${PYTHONPATH} /usr/bin/python3 -W ignore:setup.py install is deprecated -W ignore:easy_install command is deprecated setup.py egg_info --egg-base ../../build/kinematics build --build-base /code/WPI_Rototics/HW4/build/kinematics/build install --record /code/WPI_Rototics/HW4/build/kinematics/install.log --single-version-externally-managed install_data
[2.813s] DEBUG:colcon.colcon_core.event_handler.log_command:Invoked command in '/code/WPI_Rototics/HW4/src/kinematics' returned '0': PYTHONPATH=/code/WPI_Rototics/HW4/build/kinematics/prefix_override:/usr/lib/python3/dist-packages/colcon_core/task/python/colcon_distutils_commands:/code/WPI_Rototics/HW4/install/kinematics/lib/python3.10/site-packages:${PYTHONPATH} /usr/bin/python3 -W ignore:setup.py install is deprecated -W ignore:easy_install command is deprecated setup.py egg_info --egg-base ../../build/kinematics build --build-base /code/WPI_Rototics/HW4/build/kinematics/build install --record /code/WPI_Rototics/HW4/build/kinematics/install.log --single-version-externally-managed install_data
[2.824s] Level 1:colcon.colcon_core.environment:checking '/code/WPI_Rototics/HW4/install/kinematics' for CMake module files
[2.826s] Level 1:colcon.colcon_core.environment:checking '/code/WPI_Rototics/HW4/install/kinematics' for CMake config files
[2.831s] Level 1:colcon.colcon_core.environment:checking '/code/WPI_Rototics/HW4/install/kinematics/lib'
[2.831s] Level 1:colcon.colcon_core.environment:checking '/code/WPI_Rototics/HW4/install/kinematics/bin'
[2.831s] Level 1:colcon.colcon_core.environment:checking '/code/WPI_Rototics/HW4/install/kinematics/lib/pkgconfig/kinematics.pc'
[2.832s] Level 1:colcon.colcon_core.environment:checking '/code/WPI_Rototics/HW4/install/kinematics/lib/python3.10/site-packages'
[2.832s] Level 1:colcon.colcon_core.shell:create_environment_hook('kinematics', 'pythonpath')
[2.832s] INFO:colcon.colcon_core.shell:Creating environment hook '/code/WPI_Rototics/HW4/install/kinematics/share/kinematics/hook/pythonpath.ps1'
[2.833s] INFO:colcon.colcon_core.shell:Creating environment descriptor '/code/WPI_Rototics/HW4/install/kinematics/share/kinematics/hook/pythonpath.dsv'
[2.834s] INFO:colcon.colcon_core.shell:Creating environment hook '/code/WPI_Rototics/HW4/install/kinematics/share/kinematics/hook/pythonpath.sh'
[2.835s] Level 1:colcon.colcon_core.environment:checking '/code/WPI_Rototics/HW4/install/kinematics/bin'
[2.835s] Level 1:colcon.colcon_core.environment:create_environment_scripts_only(kinematics)
[2.836s] INFO:colcon.colcon_core.shell:Creating package script '/code/WPI_Rototics/HW4/install/kinematics/share/kinematics/package.ps1'
[2.839s] INFO:colcon.colcon_core.shell:Creating package descriptor '/code/WPI_Rototics/HW4/install/kinematics/share/kinematics/package.dsv'
[2.840s] INFO:colcon.colcon_core.shell:Creating package script '/code/WPI_Rototics/HW4/install/kinematics/share/kinematics/package.sh'
[2.842s] INFO:colcon.colcon_core.shell:Creating package script '/code/WPI_Rototics/HW4/install/kinematics/share/kinematics/package.bash'
[2.844s] INFO:colcon.colcon_core.shell:Creating package script '/code/WPI_Rototics/HW4/install/kinematics/share/kinematics/package.zsh'
[2.845s] Level 1:colcon.colcon_core.environment:create_file_with_runtime_dependencies(/code/WPI_Rototics/HW4/install/kinematics/share/colcon-core/packages/kinematics)
[2.846s] DEBUG:colcon.colcon_parallel_executor.executor.parallel:closing loop
[2.847s] DEBUG:colcon.colcon_parallel_executor.executor.parallel:loop closed
[2.847s] DEBUG:colcon.colcon_parallel_executor.executor.parallel:run_until_complete finished with '0'
[2.848s] DEBUG:colcon.colcon_core.event_reactor:joining thread
[2.881s] INFO:colcon.colcon_core.plugin_system:Skipping extension 'colcon_notification.desktop_notification.notify_send': Could not find 'notify-send'
[2.881s] INFO:colcon.colcon_core.plugin_system:Skipping extension 'colcon_notification.desktop_notification.terminal_notifier': Not used on non-Darwin systems
[2.882s] INFO:colcon.colcon_core.plugin_system:Skipping extension 'colcon_notification.desktop_notification.win32': Not used on non-Windows systems
[2.882s] INFO:colcon.colcon_notification.desktop_notification:Sending desktop notification using 'notify2'
[2.888s] DEBUG:colcon.colcon_notification.desktop_notification.notify2:Failed to initialize notify2: org.freedesktop.DBus.Error.Spawn.ExecFailed: /usr/bin/dbus-launch terminated abnormally without any error message
[2.888s] DEBUG:colcon.colcon_core.event_reactor:joined thread
[2.889s] INFO:colcon.colcon_core.shell:Creating prefix script '/code/WPI_Rototics/HW4/install/local_setup.ps1'
[2.892s] INFO:colcon.colcon_core.shell:Creating prefix util module '/code/WPI_Rototics/HW4/install/_local_setup_util_ps1.py'
[2.895s] INFO:colcon.colcon_core.shell:Creating prefix chain script '/code/WPI_Rototics/HW4/install/setup.ps1'
[2.898s] INFO:colcon.colcon_core.shell:Creating prefix script '/code/WPI_Rototics/HW4/install/local_setup.sh'
[2.900s] INFO:colcon.colcon_core.shell:Creating prefix util module '/code/WPI_Rototics/HW4/install/_local_setup_util_sh.py'
[2.901s] INFO:colcon.colcon_core.shell:Creating prefix chain script '/code/WPI_Rototics/HW4/install/setup.sh'
[2.903s] INFO:colcon.colcon_core.shell:Creating prefix script '/code/WPI_Rototics/HW4/install/local_setup.bash'
[2.904s] INFO:colcon.colcon_core.shell:Creating prefix chain script '/code/WPI_Rototics/HW4/install/setup.bash'
[2.906s] INFO:colcon.colcon_core.shell:Creating prefix script '/code/WPI_Rototics/HW4/install/local_setup.zsh'
[2.908s] INFO:colcon.colcon_core.shell:Creating prefix chain script '/code/WPI_Rototics/HW4/install/setup.zsh'
