[1.025s] Invoking command in '/code/WPI_Rototics/assign1/src/firstModel/build/firstModel': PYTHONPATH=/code/WPI_Rototics/assign1/src/firstModel/build/firstModel/prefix_override:/usr/lib/python3/dist-packages/colcon_core/task/python/colcon_distutils_commands:/code/WPI_Rototics/assign1/src/firstModel/install/firstModel/lib/python3.10/site-packages:${PYTHONPATH} /usr/bin/python3 -W ignore:setup.py install is deprecated -W ignore:easy_install command is deprecated setup.py develop --editable --build-directory /code/WPI_Rototics/assign1/src/firstModel/build/firstModel/build --no-deps symlink_data
[1.399s] running develop
[1.604s] running egg_info
[1.604s] creating firstModel.egg-info
[1.605s] writing firstModel.egg-info/PKG-INFO
[1.606s] writing dependency_links to firstModel.egg-info/dependency_links.txt
[1.606s] writing entry points to firstModel.egg-info/entry_points.txt
[1.606s] writing requirements to firstModel.egg-info/requires.txt
[1.606s] writing top-level names to firstModel.egg-info/top_level.txt
[1.607s] writing manifest file 'firstModel.egg-info/SOURCES.txt'
[1.609s] reading manifest file 'firstModel.egg-info/SOURCES.txt'
[1.610s] writing manifest file 'firstModel.egg-info/SOURCES.txt'
[1.612s] running build_ext
[1.613s] Creating /code/WPI_Rototics/assign1/src/firstModel/install/firstModel/lib/python3.10/site-packages/firstModel.egg-link (link to .)
[1.614s] 
[1.614s] Installed /code/WPI_Rototics/assign1/src/firstModel/build/firstModel
[1.614s] running symlink_data
[1.615s] creating /code/WPI_Rototics/assign1/src/firstModel/install/firstModel/share/ament_index
[1.615s] creating /code/WPI_Rototics/assign1/src/firstModel/install/firstModel/share/ament_index/resource_index
[1.616s] creating /code/WPI_Rototics/assign1/src/firstModel/install/firstModel/share/ament_index/resource_index/packages
[1.617s] symbolically linking /code/WPI_Rototics/assign1/src/firstModel/build/firstModel/resource/firstModel -> /code/WPI_Rototics/assign1/src/firstModel/install/firstModel/share/ament_index/resource_index/packages
[1.618s] symbolically linking /code/WPI_Rototics/assign1/src/firstModel/build/firstModel/package.xml -> /code/WPI_Rototics/assign1/src/firstModel/install/firstModel/share/firstModel
[1.619s] creating /code/WPI_Rototics/assign1/src/firstModel/install/firstModel/share/firstModel/launch
[1.620s] symbolically linking /code/WPI_Rototics/assign1/src/firstModel/build/firstModel/launch/display.launch.py -> /code/WPI_Rototics/assign1/src/firstModel/install/firstModel/share/firstModel/launch
[1.621s] symbolically linking /code/WPI_Rototics/assign1/src/firstModel/build/firstModel/launch/gazebo.launch.py -> /code/WPI_Rototics/assign1/src/firstModel/install/firstModel/share/firstModel/launch
[1.622s] creating /code/WPI_Rototics/assign1/src/firstModel/install/firstModel/share/firstModel/urdf
[1.623s] symbolically linking /code/WPI_Rototics/assign1/src/firstModel/build/firstModel/urdf/myfirst.xacro -> /code/WPI_Rototics/assign1/src/firstModel/install/firstModel/share/firstModel/urdf
[1.624s] creating /code/WPI_Rototics/assign1/src/firstModel/install/firstModel/share/firstModel/rviz
[1.625s] symbolically linking /code/WPI_Rototics/assign1/src/firstModel/build/firstModel/rviz/display.rviz -> /code/WPI_Rototics/assign1/src/firstModel/install/firstModel/share/firstModel/rviz
[1.663s] Invoked command in '/code/WPI_Rototics/assign1/src/firstModel/build/firstModel' returned '0': PYTHONPATH=/code/WPI_Rototics/assign1/src/firstModel/build/firstModel/prefix_override:/usr/lib/python3/dist-packages/colcon_core/task/python/colcon_distutils_commands:/code/WPI_Rototics/assign1/src/firstModel/install/firstModel/lib/python3.10/site-packages:${PYTHONPATH} /usr/bin/python3 -W ignore:setup.py install is deprecated -W ignore:easy_install command is deprecated setup.py develop --editable --build-directory /code/WPI_Rototics/assign1/src/firstModel/build/firstModel/build --no-deps symlink_data
