[1.150s] Invoking command in '/code/WPI_Rototics/HW3/src/forward_kinematics': PYTHONPATH=/code/WPI_Rototics/HW3/build/forward_kinematics/prefix_override:/usr/lib/python3/dist-packages/colcon_core/task/python/colcon_distutils_commands:/code/WPI_Rototics/HW3/install/forward_kinematics/lib/python3.10/site-packages:${PYTHONPATH} /usr/bin/python3 -W ignore:setup.py install is deprecated -W ignore:easy_install command is deprecated setup.py egg_info --egg-base ../../build/forward_kinematics build --build-base /code/WPI_Rototics/HW3/build/forward_kinematics/build install --record /code/WPI_Rototics/HW3/build/forward_kinematics/install.log --single-version-externally-managed install_data
[1.456s] running egg_info
[1.457s] creating ../../build/forward_kinematics/forward_kinematics.egg-info
[1.458s] writing ../../build/forward_kinematics/forward_kinematics.egg-info/PKG-INFO
[1.458s] writing dependency_links to ../../build/forward_kinematics/forward_kinematics.egg-info/dependency_links.txt
[1.459s] writing entry points to ../../build/forward_kinematics/forward_kinematics.egg-info/entry_points.txt
[1.459s] writing requirements to ../../build/forward_kinematics/forward_kinematics.egg-info/requires.txt
[1.460s] writing top-level names to ../../build/forward_kinematics/forward_kinematics.egg-info/top_level.txt
[1.460s] writing manifest file '../../build/forward_kinematics/forward_kinematics.egg-info/SOURCES.txt'
[1.462s] reading manifest file '../../build/forward_kinematics/forward_kinematics.egg-info/SOURCES.txt'
[1.462s] adding license file 'LICENSE'
[1.463s] writing manifest file '../../build/forward_kinematics/forward_kinematics.egg-info/SOURCES.txt'
[1.463s] running build
[1.463s] running build_py
[1.464s] creating /code/WPI_Rototics/HW3/build/forward_kinematics/build
[1.464s] creating /code/WPI_Rototics/HW3/build/forward_kinematics/build/lib
[1.465s] creating /code/WPI_Rototics/HW3/build/forward_kinematics/build/lib/forward_kinematics
[1.466s] copying forward_kinematics/subcriber_fw_solver.py -> /code/WPI_Rototics/HW3/build/forward_kinematics/build/lib/forward_kinematics
[1.466s] copying forward_kinematics/__init__.py -> /code/WPI_Rototics/HW3/build/forward_kinematics/build/lib/forward_kinematics
[1.467s] running install
[1.467s] running install_lib
[1.468s] creating /code/WPI_Rototics/HW3/install/forward_kinematics/lib/python3.10/site-packages/forward_kinematics
[1.469s] copying /code/WPI_Rototics/HW3/build/forward_kinematics/build/lib/forward_kinematics/subcriber_fw_solver.py -> /code/WPI_Rototics/HW3/install/forward_kinematics/lib/python3.10/site-packages/forward_kinematics
[1.469s] copying /code/WPI_Rototics/HW3/build/forward_kinematics/build/lib/forward_kinematics/__init__.py -> /code/WPI_Rototics/HW3/install/forward_kinematics/lib/python3.10/site-packages/forward_kinematics
[1.470s] byte-compiling /code/WPI_Rototics/HW3/install/forward_kinematics/lib/python3.10/site-packages/forward_kinematics/subcriber_fw_solver.py to subcriber_fw_solver.cpython-310.pyc
[1.472s] byte-compiling /code/WPI_Rototics/HW3/install/forward_kinematics/lib/python3.10/site-packages/forward_kinematics/__init__.py to __init__.cpython-310.pyc
[1.473s] running install_data
[1.473s] creating /code/WPI_Rototics/HW3/install/forward_kinematics/share/ament_index
[1.473s] creating /code/WPI_Rototics/HW3/install/forward_kinematics/share/ament_index/resource_index
[1.474s] creating /code/WPI_Rototics/HW3/install/forward_kinematics/share/ament_index/resource_index/packages
[1.475s] copying resource/forward_kinematics -> /code/WPI_Rototics/HW3/install/forward_kinematics/share/ament_index/resource_index/packages
[1.475s] copying package.xml -> /code/WPI_Rototics/HW3/install/forward_kinematics/share/forward_kinematics
[1.476s] running install_egg_info
[1.478s] Copying ../../build/forward_kinematics/forward_kinematics.egg-info to /code/WPI_Rototics/HW3/install/forward_kinematics/lib/python3.10/site-packages/forward_kinematics-0.0.0-py3.10.egg-info
[1.480s] running install_scripts
[1.509s] Installing fw_solver script to /code/WPI_Rototics/HW3/install/forward_kinematics/lib/forward_kinematics
[1.510s] writing list of installed files to '/code/WPI_Rototics/HW3/build/forward_kinematics/install.log'
[1.540s] Invoked command in '/code/WPI_Rototics/HW3/src/forward_kinematics' returned '0': PYTHONPATH=/code/WPI_Rototics/HW3/build/forward_kinematics/prefix_override:/usr/lib/python3/dist-packages/colcon_core/task/python/colcon_distutils_commands:/code/WPI_Rototics/HW3/install/forward_kinematics/lib/python3.10/site-packages:${PYTHONPATH} /usr/bin/python3 -W ignore:setup.py install is deprecated -W ignore:easy_install command is deprecated setup.py egg_info --egg-base ../../build/forward_kinematics build --build-base /code/WPI_Rototics/HW3/build/forward_kinematics/build install --record /code/WPI_Rototics/HW3/build/forward_kinematics/install.log --single-version-externally-managed install_data
