[1.673s] Invoking command in '/code/WPI_Rototics/assignments/src/assign1': PYTHONPATH=/code/WPI_Rototics/assignments/build/assign1/prefix_override:/usr/lib/python3/dist-packages/colcon_core/task/python/colcon_distutils_commands:/code/WPI_Rototics/assignments/install/assign1/lib/python3.10/site-packages:${PYTHONPATH} /usr/bin/python3 -W ignore:setup.py install is deprecated -W ignore:easy_install command is deprecated setup.py egg_info --egg-base ../../build/assign1 build --build-base /code/WPI_Rototics/assignments/build/assign1/build install --record /code/WPI_Rototics/assignments/build/assign1/install.log --single-version-externally-managed install_data
[2.105s] running egg_info
[2.106s] writing ../../build/assign1/assign1.egg-info/PKG-INFO
[2.107s] writing dependency_links to ../../build/assign1/assign1.egg-info/dependency_links.txt
[2.108s] writing entry points to ../../build/assign1/assign1.egg-info/entry_points.txt
[2.108s] writing requirements to ../../build/assign1/assign1.egg-info/requires.txt
[2.108s] writing top-level names to ../../build/assign1/assign1.egg-info/top_level.txt
[2.113s] reading manifest file '../../build/assign1/assign1.egg-info/SOURCES.txt'
[2.114s] adding license file 'LICENSE'
[2.116s] writing manifest file '../../build/assign1/assign1.egg-info/SOURCES.txt'
[2.116s] running build
[2.116s] running build_py
[2.117s] running install
[2.118s] running install_lib
[2.120s] running install_data
[2.120s] copying launch/gazebo.launch.py -> /code/WPI_Rototics/assignments/install/assign1/share/assign1/launch
[2.121s] copying launch/firstmodel.launch.py -> /code/WPI_Rototics/assignments/install/assign1/share/assign1/launch
[2.122s] running install_egg_info
[2.125s] removing '/code/WPI_Rototics/assignments/install/assign1/lib/python3.10/site-packages/assign1-0.0.0-py3.10.egg-info' (and everything under it)
[2.128s] Copying ../../build/assign1/assign1.egg-info to /code/WPI_Rototics/assignments/install/assign1/lib/python3.10/site-packages/assign1-0.0.0-py3.10.egg-info
[2.134s] running install_scripts
[2.177s] writing list of installed files to '/code/WPI_Rototics/assignments/build/assign1/install.log'
[2.227s] Invoked command in '/code/WPI_Rototics/assignments/src/assign1' returned '0': PYTHONPATH=/code/WPI_Rototics/assignments/build/assign1/prefix_override:/usr/lib/python3/dist-packages/colcon_core/task/python/colcon_distutils_commands:/code/WPI_Rototics/assignments/install/assign1/lib/python3.10/site-packages:${PYTHONPATH} /usr/bin/python3 -W ignore:setup.py install is deprecated -W ignore:easy_install command is deprecated setup.py egg_info --egg-base ../../build/assign1 build --build-base /code/WPI_Rototics/assignments/build/assign1/build install --record /code/WPI_Rototics/assignments/build/assign1/install.log --single-version-externally-managed install_data
