[1.309s] Invoking command in '/code/WPI_Rototics/HW4/src/kinematics': PYTHONPATH=/code/WPI_Rototics/HW4/build/kinematics/prefix_override:/usr/lib/python3/dist-packages/colcon_core/task/python/colcon_distutils_commands:/code/WPI_Rototics/HW4/install/kinematics/lib/python3.10/site-packages:${PYTHONPATH} VIRTUAL_ENV_PROMPT=(.venv) /usr/bin/python3 -W ignore:setup.py install is deprecated -W ignore:easy_install command is deprecated setup.py egg_info --egg-base ../../build/kinematics build --build-base /code/WPI_Rototics/HW4/build/kinematics/build install --record /code/WPI_Rototics/HW4/build/kinematics/install.log --single-version-externally-managed install_data
[1.660s] running egg_info
[1.661s] writing ../../build/kinematics/kinematics.egg-info/PKG-INFO
[1.662s] writing dependency_links to ../../build/kinematics/kinematics.egg-info/dependency_links.txt
[1.662s] writing entry points to ../../build/kinematics/kinematics.egg-info/entry_points.txt
[1.663s] writing requirements to ../../build/kinematics/kinematics.egg-info/requires.txt
[1.663s] writing top-level names to ../../build/kinematics/kinematics.egg-info/top_level.txt
[1.666s] reading manifest file '../../build/kinematics/kinematics.egg-info/SOURCES.txt'
[1.667s] adding license file 'LICENSE'
[1.668s] writing manifest file '../../build/kinematics/kinematics.egg-info/SOURCES.txt'
[1.669s] running build
[1.669s] running build_py
[1.669s] copying kinematics/ConverterHelper.py -> /code/WPI_Rototics/HW4/build/kinematics/build/lib/kinematics
[1.669s] copying kinematics/kinematic_model.py -> /code/WPI_Rototics/HW4/build/kinematics/build/lib/kinematics
[1.670s] running install
[1.671s] running install_lib
[1.672s] copying /code/WPI_Rototics/HW4/build/kinematics/build/lib/kinematics/ConverterHelper.py -> /code/WPI_Rototics/HW4/install/kinematics/lib/python3.10/site-packages/kinematics
[1.673s] copying /code/WPI_Rototics/HW4/build/kinematics/build/lib/kinematics/kinematic_model.py -> /code/WPI_Rototics/HW4/install/kinematics/lib/python3.10/site-packages/kinematics
[1.674s] byte-compiling /code/WPI_Rototics/HW4/install/kinematics/lib/python3.10/site-packages/kinematics/ConverterHelper.py to ConverterHelper.cpython-310.pyc
[1.676s] byte-compiling /code/WPI_Rototics/HW4/install/kinematics/lib/python3.10/site-packages/kinematics/kinematic_model.py to kinematic_model.cpython-310.pyc
[1.677s] running install_data
[1.678s] running install_egg_info
[1.681s] removing '/code/WPI_Rototics/HW4/install/kinematics/lib/python3.10/site-packages/kinematics-0.0.0-py3.10.egg-info' (and everything under it)
[1.682s] Copying ../../build/kinematics/kinematics.egg-info to /code/WPI_Rototics/HW4/install/kinematics/lib/python3.10/site-packages/kinematics-0.0.0-py3.10.egg-info
[1.685s] running install_scripts
[1.717s] Installing fw_solver script to /code/WPI_Rototics/HW4/install/kinematics/lib/kinematics
[1.717s] Installing inv_solver script to /code/WPI_Rototics/HW4/install/kinematics/lib/kinematics
[1.718s] writing list of installed files to '/code/WPI_Rototics/HW4/build/kinematics/install.log'
[1.756s] Invoked command in '/code/WPI_Rototics/HW4/src/kinematics' returned '0': PYTHONPATH=/code/WPI_Rototics/HW4/build/kinematics/prefix_override:/usr/lib/python3/dist-packages/colcon_core/task/python/colcon_distutils_commands:/code/WPI_Rototics/HW4/install/kinematics/lib/python3.10/site-packages:${PYTHONPATH} VIRTUAL_ENV_PROMPT=(.venv) /usr/bin/python3 -W ignore:setup.py install is deprecated -W ignore:easy_install command is deprecated setup.py egg_info --egg-base ../../build/kinematics build --build-base /code/WPI_Rototics/HW4/build/kinematics/build install --record /code/WPI_Rototics/HW4/build/kinematics/install.log --single-version-externally-managed install_data
