running egg_info
creating ../../build/assign1/assign1.egg-info
writing ../../build/assign1/assign1.egg-info/PKG-INFO
writing dependency_links to ../../build/assign1/assign1.egg-info/dependency_links.txt
writing entry points to ../../build/assign1/assign1.egg-info/entry_points.txt
writing requirements to ../../build/assign1/assign1.egg-info/requires.txt
writing top-level names to ../../build/assign1/assign1.egg-info/top_level.txt
writing manifest file '../../build/assign1/assign1.egg-info/SOURCES.txt'
reading manifest file '../../build/assign1/assign1.egg-info/SOURCES.txt'
adding license file 'LICENSE'
writing manifest file '../../build/assign1/assign1.egg-info/SOURCES.txt'
running build
running build_py
creating /code/WPI_Rototics/assignments/build/assign1/build
creating /code/WPI_Rototics/assignments/build/assign1/build/lib
creating /code/WPI_Rototics/assignments/build/assign1/build/lib/assign1
copying assign1/__init__.py -> /code/WPI_Rototics/assignments/build/assign1/build/lib/assign1
running install
running install_lib
creating /code/WPI_Rototics/assignments/install/assign1/lib/python3.10/site-packages/assign1
copying /code/WPI_Rototics/assignments/build/assign1/build/lib/assign1/__init__.py -> /code/WPI_Rototics/assignments/install/assign1/lib/python3.10/site-packages/assign1
byte-compiling /code/WPI_Rototics/assignments/install/assign1/lib/python3.10/site-packages/assign1/__init__.py to __init__.cpython-310.pyc
running install_data
creating /code/WPI_Rototics/assignments/install/assign1/share/ament_index
creating /code/WPI_Rototics/assignments/install/assign1/share/ament_index/resource_index
creating /code/WPI_Rototics/assignments/install/assign1/share/ament_index/resource_index/packages
copying resource/assign1 -> /code/WPI_Rototics/assignments/install/assign1/share/ament_index/resource_index/packages
copying package.xml -> /code/WPI_Rototics/assignments/install/assign1/share/assign1
creating /code/WPI_Rototics/assignments/install/assign1/share/assign1/launch
copying launch/display.launch.py -> /code/WPI_Rototics/assignments/install/assign1/share/assign1/launch
copying launch/gazebo.launch.py -> /code/WPI_Rototics/assignments/install/assign1/share/assign1/launch
copying launch/firstmodel.launch.py -> /code/WPI_Rototics/assignments/install/assign1/share/assign1/launch
creating /code/WPI_Rototics/assignments/install/assign1/share/assign1/config
copying config/joints.yaml -> /code/WPI_Rototics/assignments/install/assign1/share/assign1/config
creating /code/WPI_Rototics/assignments/install/assign1/share/assign1/urdf
copying urdf/myfirst.urdf.xacro -> /code/WPI_Rototics/assignments/install/assign1/share/assign1/urdf
copying urdf/myfirst.urdf -> /code/WPI_Rototics/assignments/install/assign1/share/assign1/urdf
creating /code/WPI_Rototics/assignments/install/assign1/share/assign1/rviz
copying rviz/display.rviz -> /code/WPI_Rototics/assignments/install/assign1/share/assign1/rviz
creating /code/WPI_Rototics/assignments/install/assign1/share/assign1/worlds
copying worlds/empty.world.bak -> /code/WPI_Rototics/assignments/install/assign1/share/assign1/worlds
running install_egg_info
Copying ../../build/assign1/assign1.egg-info to /code/WPI_Rototics/assignments/install/assign1/lib/python3.10/site-packages/assign1-0.0.0-py3.10.egg-info
running install_scripts
writing list of installed files to '/code/WPI_Rototics/assignments/build/assign1/install.log'
