[0.934s] Invoking command in '/code/WPI_Rototics/assignments/src/assign1': PYTHONPATH=/code/WPI_Rototics/assignments/build/assign1/prefix_override:/usr/lib/python3/dist-packages/colcon_core/task/python/colcon_distutils_commands:/code/WPI_Rototics/assignments/install/assign1/lib/python3.10/site-packages:${PYTHONPATH} /usr/bin/python3 -W ignore:setup.py install is deprecated -W ignore:easy_install command is deprecated setup.py egg_info --egg-base ../../build/assign1 build --build-base /code/WPI_Rototics/assignments/build/assign1/build install --record /code/WPI_Rototics/assignments/build/assign1/install.log --single-version-externally-managed install_data
[1.272s] running egg_info
[1.272s] creating ../../build/assign1/assign1.egg-info
[1.273s] writing ../../build/assign1/assign1.egg-info/PKG-INFO
[1.274s] writing dependency_links to ../../build/assign1/assign1.egg-info/dependency_links.txt
[1.274s] writing entry points to ../../build/assign1/assign1.egg-info/entry_points.txt
[1.274s] writing requirements to ../../build/assign1/assign1.egg-info/requires.txt
[1.275s] writing top-level names to ../../build/assign1/assign1.egg-info/top_level.txt
[1.275s] writing manifest file '../../build/assign1/assign1.egg-info/SOURCES.txt'
[1.277s] reading manifest file '../../build/assign1/assign1.egg-info/SOURCES.txt'
[1.277s] adding license file 'LICENSE'
[1.278s] writing manifest file '../../build/assign1/assign1.egg-info/SOURCES.txt'
[1.279s] running build
[1.279s] running build_py
[1.279s] creating /code/WPI_Rototics/assignments/build/assign1/build
[1.280s] creating /code/WPI_Rototics/assignments/build/assign1/build/lib
[1.281s] creating /code/WPI_Rototics/assignments/build/assign1/build/lib/assign1
[1.281s] copying assign1/__init__.py -> /code/WPI_Rototics/assignments/build/assign1/build/lib/assign1
[1.282s] running install
[1.282s] running install_lib
[1.283s] creating /code/WPI_Rototics/assignments/install/assign1/lib/python3.10/site-packages/assign1
[1.284s] copying /code/WPI_Rototics/assignments/build/assign1/build/lib/assign1/__init__.py -> /code/WPI_Rototics/assignments/install/assign1/lib/python3.10/site-packages/assign1
[1.285s] byte-compiling /code/WPI_Rototics/assignments/install/assign1/lib/python3.10/site-packages/assign1/__init__.py to __init__.cpython-310.pyc
[1.286s] running install_data
[1.286s] creating /code/WPI_Rototics/assignments/install/assign1/share/ament_index
[1.287s] creating /code/WPI_Rototics/assignments/install/assign1/share/ament_index/resource_index
[1.288s] creating /code/WPI_Rototics/assignments/install/assign1/share/ament_index/resource_index/packages
[1.289s] copying resource/assign1 -> /code/WPI_Rototics/assignments/install/assign1/share/ament_index/resource_index/packages
[1.289s] copying package.xml -> /code/WPI_Rototics/assignments/install/assign1/share/assign1
[1.289s] creating /code/WPI_Rototics/assignments/install/assign1/share/assign1/launch
[1.290s] copying launch/display.launch.py -> /code/WPI_Rototics/assignments/install/assign1/share/assign1/launch
[1.290s] copying launch/gazebo.launch.py -> /code/WPI_Rototics/assignments/install/assign1/share/assign1/launch
[1.291s] copying launch/firstmodel.launch.py -> /code/WPI_Rototics/assignments/install/assign1/share/assign1/launch
[1.291s] creating /code/WPI_Rototics/assignments/install/assign1/share/assign1/config
[1.292s] copying config/joints.yaml -> /code/WPI_Rototics/assignments/install/assign1/share/assign1/config
[1.292s] creating /code/WPI_Rototics/assignments/install/assign1/share/assign1/urdf
[1.293s] copying urdf/myfirst.urdf.xacro -> /code/WPI_Rototics/assignments/install/assign1/share/assign1/urdf
[1.293s] copying urdf/myfirst.urdf -> /code/WPI_Rototics/assignments/install/assign1/share/assign1/urdf
[1.294s] creating /code/WPI_Rototics/assignments/install/assign1/share/assign1/rviz
[1.294s] copying rviz/display.rviz -> /code/WPI_Rototics/assignments/install/assign1/share/assign1/rviz
[1.295s] creating /code/WPI_Rototics/assignments/install/assign1/share/assign1/worlds
[1.296s] copying worlds/empty.world.bak -> /code/WPI_Rototics/assignments/install/assign1/share/assign1/worlds
[1.296s] running install_egg_info
[1.299s] Copying ../../build/assign1/assign1.egg-info to /code/WPI_Rototics/assignments/install/assign1/lib/python3.10/site-packages/assign1-0.0.0-py3.10.egg-info
[1.301s] running install_scripts
[1.332s] writing list of installed files to '/code/WPI_Rototics/assignments/build/assign1/install.log'
[1.364s] Invoked command in '/code/WPI_Rototics/assignments/src/assign1' returned '0': PYTHONPATH=/code/WPI_Rototics/assignments/build/assign1/prefix_override:/usr/lib/python3/dist-packages/colcon_core/task/python/colcon_distutils_commands:/code/WPI_Rototics/assignments/install/assign1/lib/python3.10/site-packages:${PYTHONPATH} /usr/bin/python3 -W ignore:setup.py install is deprecated -W ignore:easy_install command is deprecated setup.py egg_info --egg-base ../../build/assign1 build --build-base /code/WPI_Rototics/assignments/build/assign1/build install --record /code/WPI_Rototics/assignments/build/assign1/install.log --single-version-externally-managed install_data
