[0.992s] Invoking command in '/code/WPI_Rototics/HW4/src/kinematics': PYTHONPATH=/code/WPI_Rototics/HW4/build/kinematics/prefix_override:/usr/lib/python3/dist-packages/colcon_core/task/python/colcon_distutils_commands:/code/WPI_Rototics/HW4/install/kinematics/lib/python3.10/site-packages:${PYTHONPATH} VIRTUAL_ENV_PROMPT=(.venv) /usr/bin/python3 -W ignore:setup.py install is deprecated -W ignore:easy_install command is deprecated setup.py egg_info --egg-base ../../build/kinematics build --build-base /code/WPI_Rototics/HW4/build/kinematics/build install --record /code/WPI_Rototics/HW4/build/kinematics/install.log --single-version-externally-managed install_data
[1.341s] running egg_info
[1.342s] writing ../../build/kinematics/kinematics.egg-info/PKG-INFO
[1.343s] writing dependency_links to ../../build/kinematics/kinematics.egg-info/dependency_links.txt
[1.343s] writing entry points to ../../build/kinematics/kinematics.egg-info/entry_points.txt
[1.343s] writing requirements to ../../build/kinematics/kinematics.egg-info/requires.txt
[1.344s] writing top-level names to ../../build/kinematics/kinematics.egg-info/top_level.txt
[1.347s] reading manifest file '../../build/kinematics/kinematics.egg-info/SOURCES.txt'
[1.347s] adding license file 'LICENSE'
[1.348s] writing manifest file '../../build/kinematics/kinematics.egg-info/SOURCES.txt'
[1.349s] running build
[1.349s] running build_py
[1.349s] copying kinematics/kinematic_model.py -> /code/WPI_Rototics/HW4/build/kinematics/build/lib/kinematics
[1.350s] running install
[1.351s] running install_lib
[1.352s] copying /code/WPI_Rototics/HW4/build/kinematics/build/lib/kinematics/kinematic_model.py -> /code/WPI_Rototics/HW4/install/kinematics/lib/python3.10/site-packages/kinematics
[1.353s] byte-compiling /code/WPI_Rototics/HW4/install/kinematics/lib/python3.10/site-packages/kinematics/kinematic_model.py to kinematic_model.cpython-310.pyc
[1.356s] running install_data
[1.356s] running install_egg_info
[1.358s] removing '/code/WPI_Rototics/HW4/install/kinematics/lib/python3.10/site-packages/kinematics-0.0.0-py3.10.egg-info' (and everything under it)
[1.359s] Copying ../../build/kinematics/kinematics.egg-info to /code/WPI_Rototics/HW4/install/kinematics/lib/python3.10/site-packages/kinematics-0.0.0-py3.10.egg-info
[1.362s] running install_scripts
[1.394s] Installing fw_solver script to /code/WPI_Rototics/HW4/install/kinematics/lib/kinematics
[1.395s] Installing inv_solver script to /code/WPI_Rototics/HW4/install/kinematics/lib/kinematics
[1.395s] writing list of installed files to '/code/WPI_Rototics/HW4/build/kinematics/install.log'
[1.429s] Invoked command in '/code/WPI_Rototics/HW4/src/kinematics' returned '0': PYTHONPATH=/code/WPI_Rototics/HW4/build/kinematics/prefix_override:/usr/lib/python3/dist-packages/colcon_core/task/python/colcon_distutils_commands:/code/WPI_Rototics/HW4/install/kinematics/lib/python3.10/site-packages:${PYTHONPATH} VIRTUAL_ENV_PROMPT=(.venv) /usr/bin/python3 -W ignore:setup.py install is deprecated -W ignore:easy_install command is deprecated setup.py egg_info --egg-base ../../build/kinematics build --build-base /code/WPI_Rototics/HW4/build/kinematics/build install --record /code/WPI_Rototics/HW4/build/kinematics/install.log --single-version-externally-managed install_data
