[0.200s] DEBUG:colcon:Command line arguments: ['/usr/bin/colcon', 'build', '--symlink-install']
[0.201s] DEBUG:colcon:Parsed command line arguments: Namespace(log_base=None, log_level=None, verb_name='build', build_base='build', install_base='install', merge_install=False, symlink_install=True, test_result_base=None, continue_on_error=False, executor='parallel', parallel_workers=32, event_handlers=None, ignore_user_meta=False, metas=['./colcon.meta'], base_paths=['.'], packages_ignore=None, packages_ignore_regex=None, paths=None, packages_up_to=None, packages_up_to_regex=None, packages_above=None, packages_above_and_dependencies=None, packages_above_depth=None, packages_select_by_dep=None, packages_skip_by_dep=None, packages_skip_up_to=None, packages_select_build_failed=False, packages_skip_build_finished=False, packages_select_test_failures=False, packages_skip_test_passed=False, packages_select=None, packages_skip=None, packages_select_regex=None, packages_skip_regex=None, packages_start=None, packages_end=None, cmake_args=None, cmake_target=None, cmake_target_skip_unavailable=False, cmake_clean_cache=False, cmake_clean_first=False, cmake_force_configure=False, ament_cmake_args=None, catkin_cmake_args=None, catkin_skip_building_tests=False, mixin_files=None, mixin=None, verb_parser=<colcon_mixin.mixin.mixin_argument.MixinArgumentDecorator object at 0x7a560e7177f0>, verb_extension=<colcon_core.verb.build.BuildVerb object at 0x7a560e7171c0>, main=<bound method BuildVerb.main of <colcon_core.verb.build.BuildVerb object at 0x7a560e7171c0>>, mixin_verb=('build',))
[0.430s] Level 1:colcon.colcon_core.package_discovery:discover_packages(colcon_meta) check parameters
[0.432s] INFO:colcon.colcon_metadata.package_discovery.colcon_meta:Using configuration from '/root/.colcon/metadata/default/Gazebo.meta'
[0.433s] INFO:colcon.colcon_metadata.package_discovery.colcon_meta:Using configuration from '/root/.colcon/metadata/default/fastdds.meta'
[0.433s] INFO:colcon.colcon_metadata.package_discovery.colcon_meta:Using configuration from '/root/.colcon/metadata/default/fastrtps.meta'
[0.433s] Level 1:colcon.colcon_core.package_discovery:discover_packages(recursive) check parameters
[0.434s] Level 1:colcon.colcon_core.package_discovery:discover_packages(ignore) check parameters
[0.434s] Level 1:colcon.colcon_core.package_discovery:discover_packages(path) check parameters
[0.434s] Level 1:colcon.colcon_core.package_discovery:discover_packages(colcon_meta) discover
[0.434s] Level 1:colcon.colcon_core.package_discovery:discover_packages(recursive) discover
[0.434s] INFO:colcon.colcon_core.package_discovery:Crawling recursively for packages in '/code/WPI_Rototics/assign1/src/firstModel'
[0.434s] Level 1:colcon.colcon_core.package_identification:_identify(.) by extensions ['ignore', 'ignore_ament_install']
[0.434s] Level 1:colcon.colcon_core.package_identification:_identify(.) by extension 'ignore'
[0.434s] Level 1:colcon.colcon_core.package_identification:_identify(.) by extension 'ignore_ament_install'
[0.435s] Level 1:colcon.colcon_core.package_identification:_identify(.) by extensions ['colcon_pkg']
[0.435s] Level 1:colcon.colcon_core.package_identification:_identify(.) by extension 'colcon_pkg'
[0.435s] Level 1:colcon.colcon_core.package_identification:_identify(.) by extensions ['colcon_meta']
[0.435s] Level 1:colcon.colcon_core.package_identification:_identify(.) by extension 'colcon_meta'
[0.435s] Level 1:colcon.colcon_core.package_identification:_identify(.) by extensions ['ros']
[0.435s] Level 1:colcon.colcon_core.package_identification:_identify(.) by extension 'ros'
[0.459s] DEBUG:colcon.colcon_core.package_identification:Package '.' with type 'ros.ament_python' and name 'firstModel'
[0.459s] Level 1:colcon.colcon_core.package_discovery:discover_packages(recursive) using defaults
[0.459s] Level 1:colcon.colcon_core.package_discovery:discover_packages(ignore) discover
[0.459s] Level 1:colcon.colcon_core.package_discovery:discover_packages(ignore) using defaults
[0.459s] Level 1:colcon.colcon_core.package_discovery:discover_packages(path) discover
[0.459s] Level 1:colcon.colcon_core.package_discovery:discover_packages(path) using defaults
[0.492s] Level 5:colcon.colcon_core.verb:set package 'firstModel' build argument 'cmake_args' from command line to 'None'
[0.492s] Level 5:colcon.colcon_core.verb:set package 'firstModel' build argument 'cmake_target' from command line to 'None'
[0.492s] Level 5:colcon.colcon_core.verb:set package 'firstModel' build argument 'cmake_target_skip_unavailable' from command line to 'False'
[0.492s] Level 5:colcon.colcon_core.verb:set package 'firstModel' build argument 'cmake_clean_cache' from command line to 'False'
[0.492s] Level 5:colcon.colcon_core.verb:set package 'firstModel' build argument 'cmake_clean_first' from command line to 'False'
[0.492s] Level 5:colcon.colcon_core.verb:set package 'firstModel' build argument 'cmake_force_configure' from command line to 'False'
[0.492s] Level 5:colcon.colcon_core.verb:set package 'firstModel' build argument 'ament_cmake_args' from command line to 'None'
[0.492s] Level 5:colcon.colcon_core.verb:set package 'firstModel' build argument 'catkin_cmake_args' from command line to 'None'
[0.492s] Level 5:colcon.colcon_core.verb:set package 'firstModel' build argument 'catkin_skip_building_tests' from command line to 'False'
[0.492s] DEBUG:colcon.colcon_core.verb:Building package 'firstModel' with the following arguments: {'ament_cmake_args': None, 'build_base': '/code/WPI_Rototics/assign1/src/firstModel/build/firstModel', 'catkin_cmake_args': None, 'catkin_skip_building_tests': False, 'cmake_args': None, 'cmake_clean_cache': False, 'cmake_clean_first': False, 'cmake_force_configure': False, 'cmake_target': None, 'cmake_target_skip_unavailable': False, 'install_base': '/code/WPI_Rototics/assign1/src/firstModel/install/firstModel', 'merge_install': False, 'path': '/code/WPI_Rototics/assign1/src/firstModel', 'symlink_install': True, 'test_result_base': None}
[0.493s] INFO:colcon.colcon_core.executor:Executing jobs using 'parallel' executor
[0.495s] DEBUG:colcon.colcon_parallel_executor.executor.parallel:run_until_complete
[0.495s] INFO:colcon.colcon_ros.task.ament_python.build:Building ROS package in '/code/WPI_Rototics/assign1/src/firstModel' with build type 'ament_python'
[0.495s] Level 1:colcon.colcon_core.shell:create_environment_hook('firstModel', 'ament_prefix_path')
[0.500s] INFO:colcon.colcon_core.plugin_system:Skipping extension 'colcon_core.shell.bat': Not used on non-Windows systems
[0.500s] INFO:colcon.colcon_core.shell:Creating environment hook '/code/WPI_Rototics/assign1/src/firstModel/install/firstModel/share/firstModel/hook/ament_prefix_path.ps1'
[0.515s] INFO:colcon.colcon_core.shell:Creating environment descriptor '/code/WPI_Rototics/assign1/src/firstModel/install/firstModel/share/firstModel/hook/ament_prefix_path.dsv'
[0.516s] INFO:colcon.colcon_core.shell:Creating environment hook '/code/WPI_Rototics/assign1/src/firstModel/install/firstModel/share/firstModel/hook/ament_prefix_path.sh'
[0.517s] INFO:colcon.colcon_core.shell:Skip shell extension 'powershell' for command environment: Not usable outside of PowerShell
[0.517s] DEBUG:colcon.colcon_core.shell:Skip shell extension 'dsv' for command environment
[0.935s] INFO:colcon.colcon_core.task.python.build:Building Python package in '/code/WPI_Rototics/assign1/src/firstModel'
[0.935s] INFO:colcon.colcon_core.shell:Skip shell extension 'powershell' for command environment: Not usable outside of PowerShell
[0.935s] DEBUG:colcon.colcon_core.shell:Skip shell extension 'dsv' for command environment
[1.521s] DEBUG:colcon.colcon_core.event_handler.log_command:Invoking command in '/code/WPI_Rototics/assign1/src/firstModel/build/firstModel': PYTHONPATH=/code/WPI_Rototics/assign1/src/firstModel/build/firstModel/prefix_override:/usr/lib/python3/dist-packages/colcon_core/task/python/colcon_distutils_commands:/code/WPI_Rototics/assign1/src/firstModel/install/firstModel/lib/python3.10/site-packages:${PYTHONPATH} /usr/bin/python3 -W ignore:setup.py install is deprecated -W ignore:easy_install command is deprecated setup.py develop --editable --build-directory /code/WPI_Rototics/assign1/src/firstModel/build/firstModel/build --no-deps symlink_data
[2.158s] Level 1:colcon.colcon_core.shell:create_environment_hook('firstModel', 'pythonpath_develop')
[2.159s] DEBUG:colcon.colcon_core.event_handler.log_command:Invoked command in '/code/WPI_Rototics/assign1/src/firstModel/build/firstModel' returned '0': PYTHONPATH=/code/WPI_Rototics/assign1/src/firstModel/build/firstModel/prefix_override:/usr/lib/python3/dist-packages/colcon_core/task/python/colcon_distutils_commands:/code/WPI_Rototics/assign1/src/firstModel/install/firstModel/lib/python3.10/site-packages:${PYTHONPATH} /usr/bin/python3 -W ignore:setup.py install is deprecated -W ignore:easy_install command is deprecated setup.py develop --editable --build-directory /code/WPI_Rototics/assign1/src/firstModel/build/firstModel/build --no-deps symlink_data
[2.160s] INFO:colcon.colcon_core.shell:Creating environment hook '/code/WPI_Rototics/assign1/src/firstModel/build/firstModel/share/firstModel/hook/pythonpath_develop.ps1'
[2.164s] INFO:colcon.colcon_core.shell:Creating environment descriptor '/code/WPI_Rototics/assign1/src/firstModel/build/firstModel/share/firstModel/hook/pythonpath_develop.dsv'
[2.165s] INFO:colcon.colcon_core.shell:Creating environment hook '/code/WPI_Rototics/assign1/src/firstModel/build/firstModel/share/firstModel/hook/pythonpath_develop.sh'
[2.178s] Level 1:colcon.colcon_core.environment:checking '/code/WPI_Rototics/assign1/src/firstModel/install/firstModel' for CMake module files
[2.178s] Level 1:colcon.colcon_core.environment:checking '/code/WPI_Rototics/assign1/src/firstModel/install/firstModel' for CMake config files
[2.180s] Level 1:colcon.colcon_core.environment:checking '/code/WPI_Rototics/assign1/src/firstModel/install/firstModel/lib'
[2.180s] Level 1:colcon.colcon_core.environment:checking '/code/WPI_Rototics/assign1/src/firstModel/install/firstModel/bin'
[2.180s] Level 1:colcon.colcon_core.environment:checking '/code/WPI_Rototics/assign1/src/firstModel/install/firstModel/lib/pkgconfig/firstModel.pc'
[2.181s] Level 1:colcon.colcon_core.environment:checking '/code/WPI_Rototics/assign1/src/firstModel/install/firstModel/lib/python3.10/site-packages'
[2.181s] Level 1:colcon.colcon_core.shell:create_environment_hook('firstModel', 'pythonpath')
[2.181s] INFO:colcon.colcon_core.shell:Creating environment hook '/code/WPI_Rototics/assign1/src/firstModel/install/firstModel/share/firstModel/hook/pythonpath.ps1'
[2.182s] INFO:colcon.colcon_core.shell:Creating environment descriptor '/code/WPI_Rototics/assign1/src/firstModel/install/firstModel/share/firstModel/hook/pythonpath.dsv'
[2.183s] INFO:colcon.colcon_core.shell:Creating environment hook '/code/WPI_Rototics/assign1/src/firstModel/install/firstModel/share/firstModel/hook/pythonpath.sh'
[2.184s] Level 1:colcon.colcon_core.environment:checking '/code/WPI_Rototics/assign1/src/firstModel/install/firstModel/bin'
[2.184s] Level 1:colcon.colcon_core.environment:create_environment_scripts_only(firstModel)
[2.184s] INFO:colcon.colcon_core.shell:Creating package script '/code/WPI_Rototics/assign1/src/firstModel/install/firstModel/share/firstModel/package.ps1'
[2.188s] INFO:colcon.colcon_core.shell:Creating package descriptor '/code/WPI_Rototics/assign1/src/firstModel/install/firstModel/share/firstModel/package.dsv'
[2.189s] INFO:colcon.colcon_core.shell:Creating package script '/code/WPI_Rototics/assign1/src/firstModel/install/firstModel/share/firstModel/package.sh'
[2.191s] INFO:colcon.colcon_core.shell:Creating package script '/code/WPI_Rototics/assign1/src/firstModel/install/firstModel/share/firstModel/package.bash'
[2.193s] INFO:colcon.colcon_core.shell:Creating package script '/code/WPI_Rototics/assign1/src/firstModel/install/firstModel/share/firstModel/package.zsh'
[2.194s] Level 1:colcon.colcon_core.environment:create_file_with_runtime_dependencies(/code/WPI_Rototics/assign1/src/firstModel/install/firstModel/share/colcon-core/packages/firstModel)
[2.196s] DEBUG:colcon.colcon_parallel_executor.executor.parallel:closing loop
[2.198s] DEBUG:colcon.colcon_parallel_executor.executor.parallel:loop closed
[2.198s] DEBUG:colcon.colcon_parallel_executor.executor.parallel:run_until_complete finished with '0'
[2.198s] DEBUG:colcon.colcon_core.event_reactor:joining thread
[2.220s] INFO:colcon.colcon_core.plugin_system:Skipping extension 'colcon_notification.desktop_notification.notify_send': Could not find 'notify-send'
[2.221s] INFO:colcon.colcon_core.plugin_system:Skipping extension 'colcon_notification.desktop_notification.terminal_notifier': Not used on non-Darwin systems
[2.221s] INFO:colcon.colcon_core.plugin_system:Skipping extension 'colcon_notification.desktop_notification.win32': Not used on non-Windows systems
[2.221s] INFO:colcon.colcon_notification.desktop_notification:Sending desktop notification using 'notify2'
[2.227s] DEBUG:colcon.colcon_notification.desktop_notification.notify2:Failed to initialize notify2: org.freedesktop.DBus.Error.Spawn.ExecFailed: /usr/bin/dbus-launch terminated abnormally without any error message
[2.227s] DEBUG:colcon.colcon_core.event_reactor:joined thread
[2.228s] INFO:colcon.colcon_core.shell:Creating prefix script '/code/WPI_Rototics/assign1/src/firstModel/install/local_setup.ps1'
[2.231s] INFO:colcon.colcon_core.shell:Creating prefix util module '/code/WPI_Rototics/assign1/src/firstModel/install/_local_setup_util_ps1.py'
[2.233s] INFO:colcon.colcon_core.shell:Creating prefix chain script '/code/WPI_Rototics/assign1/src/firstModel/install/setup.ps1'
[2.235s] INFO:colcon.colcon_core.shell:Creating prefix script '/code/WPI_Rototics/assign1/src/firstModel/install/local_setup.sh'
[2.236s] INFO:colcon.colcon_core.shell:Creating prefix util module '/code/WPI_Rototics/assign1/src/firstModel/install/_local_setup_util_sh.py'
[2.237s] INFO:colcon.colcon_core.shell:Creating prefix chain script '/code/WPI_Rototics/assign1/src/firstModel/install/setup.sh'
[2.239s] INFO:colcon.colcon_core.shell:Creating prefix script '/code/WPI_Rototics/assign1/src/firstModel/install/local_setup.bash'
[2.240s] INFO:colcon.colcon_core.shell:Creating prefix chain script '/code/WPI_Rototics/assign1/src/firstModel/install/setup.bash'
[2.243s] INFO:colcon.colcon_core.shell:Creating prefix script '/code/WPI_Rototics/assign1/src/firstModel/install/local_setup.zsh'
[2.244s] INFO:colcon.colcon_core.shell:Creating prefix chain script '/code/WPI_Rototics/assign1/src/firstModel/install/setup.zsh'
