[1.369s] Invoking command in '/code/WPI_Rototics/assign1/src/firstModel': PYTHONPATH=/code/WPI_Rototics/assign1/build/firstModel/prefix_override:/usr/lib/python3/dist-packages/colcon_core/task/python/colcon_distutils_commands:/code/WPI_Rototics/assign1/install/firstModel/lib/python3.10/site-packages:${PYTHONPATH} /usr/bin/python3 -W ignore:setup.py install is deprecated -W ignore:easy_install command is deprecated setup.py egg_info --egg-base ../../build/firstModel build --build-base /code/WPI_Rototics/assign1/build/firstModel/build install --record /code/WPI_Rototics/assign1/build/firstModel/install.log --single-version-externally-managed install_data
[1.712s] running egg_info
[1.713s] creating ../../build/firstModel/firstModel.egg-info
[1.714s] writing ../../build/firstModel/firstModel.egg-info/PKG-INFO
[1.715s] writing dependency_links to ../../build/firstModel/firstModel.egg-info/dependency_links.txt
[1.715s] writing entry points to ../../build/firstModel/firstModel.egg-info/entry_points.txt
[1.716s] writing requirements to ../../build/firstModel/firstModel.egg-info/requires.txt
[1.716s] writing top-level names to ../../build/firstModel/firstModel.egg-info/top_level.txt
[1.716s] writing manifest file '../../build/firstModel/firstModel.egg-info/SOURCES.txt'
[1.718s] reading manifest file '../../build/firstModel/firstModel.egg-info/SOURCES.txt'
[1.719s] adding license file 'LICENSE'
[1.720s] writing manifest file '../../build/firstModel/firstModel.egg-info/SOURCES.txt'
[1.720s] running build
[1.720s] running build_py
[1.720s] creating /code/WPI_Rototics/assign1/build/firstModel/build
[1.721s] creating /code/WPI_Rototics/assign1/build/firstModel/build/lib
[1.722s] creating /code/WPI_Rototics/assign1/build/firstModel/build/lib/firstModel
[1.723s] copying firstModel/__init__.py -> /code/WPI_Rototics/assign1/build/firstModel/build/lib/firstModel
[1.723s] running install
[1.724s] running install_lib
[1.725s] creating /code/WPI_Rototics/assign1/install/firstModel/lib/python3.10/site-packages/firstModel
[1.726s] copying /code/WPI_Rototics/assign1/build/firstModel/build/lib/firstModel/__init__.py -> /code/WPI_Rototics/assign1/install/firstModel/lib/python3.10/site-packages/firstModel
[1.727s] byte-compiling /code/WPI_Rototics/assign1/install/firstModel/lib/python3.10/site-packages/firstModel/__init__.py to __init__.cpython-310.pyc
[1.728s] running install_data
[1.729s] creating /code/WPI_Rototics/assign1/install/firstModel/share/ament_index
[1.729s] creating /code/WPI_Rototics/assign1/install/firstModel/share/ament_index/resource_index
[1.730s] creating /code/WPI_Rototics/assign1/install/firstModel/share/ament_index/resource_index/packages
[1.731s] copying resource/firstModel -> /code/WPI_Rototics/assign1/install/firstModel/share/ament_index/resource_index/packages
[1.731s] copying package.xml -> /code/WPI_Rototics/assign1/install/firstModel/share/firstModel
[1.731s] running install_egg_info
[1.734s] Copying ../../build/firstModel/firstModel.egg-info to /code/WPI_Rototics/assign1/install/firstModel/lib/python3.10/site-packages/firstModel-0.0.0-py3.10.egg-info
[1.737s] running install_scripts
[1.770s] writing list of installed files to '/code/WPI_Rototics/assign1/build/firstModel/install.log'
[1.803s] Invoked command in '/code/WPI_Rototics/assign1/src/firstModel' returned '0': PYTHONPATH=/code/WPI_Rototics/assign1/build/firstModel/prefix_override:/usr/lib/python3/dist-packages/colcon_core/task/python/colcon_distutils_commands:/code/WPI_Rototics/assign1/install/firstModel/lib/python3.10/site-packages:${PYTHONPATH} /usr/bin/python3 -W ignore:setup.py install is deprecated -W ignore:easy_install command is deprecated setup.py egg_info --egg-base ../../build/firstModel build --build-base /code/WPI_Rototics/assign1/build/firstModel/build install --record /code/WPI_Rototics/assign1/build/firstModel/install.log --single-version-externally-managed install_data
